Component: ARM Compiler 5.06 update 6 (build 750) Tool: armlink [4d35ed]

==============================================================================

Section Cross References

    startup_stm32g431xx.o(RESET) refers to startup_stm32g431xx.o(STACK) for __initial_sp
    startup_stm32g431xx.o(RESET) refers to startup_stm32g431xx.o(.text) for Reset_Handler
    startup_stm32g431xx.o(RESET) refers to stm32g4xx_mc_it.o(i.HardFault_Handler) for HardFault_Handler
    startup_stm32g431xx.o(RESET) refers to stm32g4xx_mc_it.o(i.SysTick_Handler) for SysTick_Handler
    startup_stm32g431xx.o(RESET) refers to stm32g4xx_mc_it.o(i.DMA1_Channel1_IRQHandler) for DMA1_Channel1_IRQHandler
    startup_stm32g431xx.o(RESET) refers to stm32g4xx_mc_it.o(i.ADC1_2_IRQHandler) for ADC1_2_IRQHandler
    startup_stm32g431xx.o(RESET) refers to stm32g4xx_mc_it.o(i.TIM1_BRK_TIM15_IRQHandler) for TIM1_BRK_TIM15_IRQHandler
    startup_stm32g431xx.o(RESET) refers to stm32g4xx_mc_it.o(i.TIM1_UP_TIM16_IRQHandler) for TIM1_UP_TIM16_IRQHandler
    startup_stm32g431xx.o(RESET) refers to stm32g4xx_mc_it.o(i.USART2_IRQHandler) for USART2_IRQHandler
    startup_stm32g431xx.o(RESET) refers to stm32g4xx_mc_it.o(i.EXTI15_10_IRQHandler) for EXTI15_10_IRQHandler
    startup_stm32g431xx.o(.text) refers to system_stm32g4xx.o(i.SystemInit) for SystemInit
    startup_stm32g431xx.o(.text) refers to entry.o(.ARM.Collect$$$$00000000) for __main
    main.o(i.SystemClock_Config) refers to memseta.o(.text) for __aeabi_memclr4
    main.o(i.SystemClock_Config) refers to stm32g4xx_hal_pwr_ex.o(i.HAL_PWREx_ControlVoltageScaling) for HAL_PWREx_ControlVoltageScaling
    main.o(i.SystemClock_Config) refers to stm32g4xx_hal_rcc.o(i.HAL_RCC_OscConfig) for HAL_RCC_OscConfig
    main.o(i.SystemClock_Config) refers to stm32g4xx_hal_rcc.o(i.HAL_RCC_ClockConfig) for HAL_RCC_ClockConfig
    main.o(i.SystemClock_Config) refers to stm32g4xx_hal_rcc_ex.o(i.HAL_RCCEx_PeriphCLKConfig) for HAL_RCCEx_PeriphCLKConfig
    main.o(i.SystemClock_Config) refers to stm32g4xx_hal_rcc.o(i.HAL_RCC_EnableCSS) for HAL_RCC_EnableCSS
    main.o(i.main) refers to stm32g4xx_hal.o(i.HAL_Init) for HAL_Init
    main.o(i.main) refers to memseta.o(.text) for __aeabi_memclr4
    main.o(i.main) refers to stm32g4xx_hal_pwr_ex.o(i.HAL_PWREx_ControlVoltageScaling) for HAL_PWREx_ControlVoltageScaling
    main.o(i.main) refers to stm32g4xx_hal_rcc.o(i.HAL_RCC_OscConfig) for HAL_RCC_OscConfig
    main.o(i.main) refers to stm32g4xx_hal_rcc.o(i.HAL_RCC_ClockConfig) for HAL_RCC_ClockConfig
    main.o(i.main) refers to stm32g4xx_hal_rcc_ex.o(i.HAL_RCCEx_PeriphCLKConfig) for HAL_RCCEx_PeriphCLKConfig
    main.o(i.main) refers to stm32g4xx_hal_rcc.o(i.HAL_RCC_EnableCSS) for HAL_RCC_EnableCSS
    main.o(i.main) refers to stm32g4xx_hal_gpio.o(i.HAL_GPIO_WritePin) for HAL_GPIO_WritePin
    main.o(i.main) refers to stm32g4xx_hal_gpio.o(i.HAL_GPIO_Init) for HAL_GPIO_Init
    main.o(i.main) refers to stm32g4xx_hal_adc.o(i.HAL_ADC_Init) for HAL_ADC_Init
    main.o(i.main) refers to stm32g4xx_hal_adc_ex.o(i.HAL_ADCEx_MultiModeConfigChannel) for HAL_ADCEx_MultiModeConfigChannel
    main.o(i.main) refers to stm32g4xx_hal_adc_ex.o(i.HAL_ADCEx_InjectedConfigChannel) for HAL_ADCEx_InjectedConfigChannel
    main.o(i.main) refers to stm32g4xx_hal_adc.o(i.HAL_ADC_ConfigChannel) for HAL_ADC_ConfigChannel
    main.o(i.main) refers to stm32g4xx_hal_cordic.o(i.HAL_CORDIC_Init) for HAL_CORDIC_Init
    main.o(i.main) refers to stm32g4xx_hal_tim.o(i.HAL_TIM_Base_Init) for HAL_TIM_Base_Init
    main.o(i.main) refers to stm32g4xx_hal_tim.o(i.HAL_TIM_PWM_Init) for HAL_TIM_PWM_Init
    main.o(i.main) refers to stm32g4xx_hal_tim.o(i.HAL_TIM_SlaveConfigSynchro) for HAL_TIM_SlaveConfigSynchro
    main.o(i.main) refers to stm32g4xx_hal_tim_ex.o(i.HAL_TIMEx_MasterConfigSynchronization) for HAL_TIMEx_MasterConfigSynchronization
    main.o(i.main) refers to stm32g4xx_hal_tim_ex.o(i.HAL_TIMEx_ConfigBreakInput) for HAL_TIMEx_ConfigBreakInput
    main.o(i.main) refers to stm32g4xx_hal_tim.o(i.HAL_TIM_PWM_ConfigChannel) for HAL_TIM_PWM_ConfigChannel
    main.o(i.main) refers to stm32g4xx_hal_tim_ex.o(i.HAL_TIMEx_ConfigBreakDeadTime) for HAL_TIMEx_ConfigBreakDeadTime
    main.o(i.main) refers to stm32g4xx_hal_msp.o(i.HAL_TIM_MspPostInit) for HAL_TIM_MspPostInit
    main.o(i.main) refers to stm32g4xx_hal_uart.o(i.HAL_UART_Init) for HAL_UART_Init
    main.o(i.main) refers to stm32g4xx_hal_uart_ex.o(i.HAL_UARTEx_SetTxFifoThreshold) for HAL_UARTEx_SetTxFifoThreshold
    main.o(i.main) refers to stm32g4xx_hal_uart_ex.o(i.HAL_UARTEx_SetRxFifoThreshold) for HAL_UARTEx_SetRxFifoThreshold
    main.o(i.main) refers to stm32g4xx_hal_uart_ex.o(i.HAL_UARTEx_DisableFifoMode) for HAL_UARTEx_DisableFifoMode
    main.o(i.main) refers to motorcontrol.o(i.MX_MotorControl_Init) for MX_MotorControl_Init
    main.o(i.main) refers to stm32g4xx_hal_cortex.o(i.HAL_NVIC_SetPriority) for HAL_NVIC_SetPriority
[...]
    i.UI_GetReg                              0x080074b0   Section        0  user_interface.o(i.UI_GetReg)
    i.UI_GetRevupData                        0x08007a00   Section        0  user_interface.o(i.UI_GetRevupData)
    i.UI_GetSelectedMC                       0x08007a48   Section        0  user_interface.o(i.UI_GetSelectedMC)
    i.UI_HandleStartStopButton_cb            0x08007a4c   Section        0  ui_task.o(i.UI_HandleStartStopButton_cb)
    i.UI_Init                                0x08007a64   Section        0  user_interface.o(i.UI_Init)
    i.UI_Scheduler                           0x08007a78   Section        0  ui_task.o(i.UI_Scheduler)
    i.UI_SelectMC                            0x08007aa4   Section        0  user_interface.o(i.UI_SelectMC)
    i.UI_SerialCommunicationTimeOutStart     0x08007ab4   Section        0  ui_task.o(i.UI_SerialCommunicationTimeOutStart)
    i.UI_SerialCommunicationTimeOutStop      0x08007ac0   Section        0  ui_task.o(i.UI_SerialCommunicationTimeOutStop)
    i.UI_SetCurrentReferences                0x08007acc   Section        0  user_interface.o(i.UI_SetCurrentReferences)
    i.UI_SetReg                              0x08007ae4   Section        0  user_interface.o(i.UI_SetReg)
    i.UI_SetRevupData                        0x08007d28   Section        0  user_interface.o(i.UI_SetRevupData)
    i.UI_TaskInit                            0x08007d60   Section        0  ui_task.o(i.UI_TaskInit)
    i.USART2_IRQHandler                      0x08007dd0   Section        0  stm32g4xx_mc_it.o(i.USART2_IRQHandler)
    i.VBS_GetAvBusVoltage_V                  0x08007e38   Section        0  bus_voltage_sensor.o(i.VBS_GetAvBusVoltage_V)
    i.VBS_GetAvBusVoltage_d                  0x08007e42   Section        0  bus_voltage_sensor.o(i.VBS_GetAvBusVoltage_d)
    i.VSS_CalcAvrgMecSpeedUnit               0x08007e46   Section        0  virtual_speed_sensor.o(i.VSS_CalcAvrgMecSpeedUnit)
    i.VSS_CalcElAngle                        0x08007ee2   Section        0  virtual_speed_sensor.o(i.VSS_CalcElAngle)
    i.VSS_Clear                              0x08007f80   Section        0  virtual_speed_sensor.o(i.VSS_Clear)
    i.VSS_Init                               0x08007fac   Section        0  virtual_speed_sensor.o(i.VSS_Init)
    i.VSS_SetCopyObserver                    0x08007fb4   Section        0  virtual_speed_sensor.o(i.VSS_SetCopyObserver)
    i.VSS_SetMecAcceleration                 0x08007fbc   Section        0  virtual_speed_sensor.o(i.VSS_SetMecAcceleration)
    i.VSS_SetMecAngle                        0x08008038   Section        0  virtual_speed_sensor.o(i.VSS_SetMecAngle)
    i.VSS_SetStartTransition                 0x08008046   Section        0  virtual_speed_sensor.o(i.VSS_SetStartTransition)
    i.VSS_TransitionEnded                    0x08008062   Section        0  virtual_speed_sensor.o(i.VSS_TransitionEnded)
    i.__scatterload_copy                     0x08008068   Section       14  handlers.o(i.__scatterload_copy)
    i.__scatterload_null                     0x08008076   Section        2  handlers.o(i.__scatterload_null)
    i.__scatterload_zeroinit                 0x08008078   Section       14  handlers.o(i.__scatterload_zeroinit)
    i.getScalingFactor                       0x08008088   Section        0  ramp_ext_mngr.o(i.getScalingFactor)
    i.main                                   0x080080b0   Section        0  main.o(i.main)
    i.mc_lock_pins                           0x080084cc   Section        0  mc_tasks.o(i.mc_lock_pins)
    i.startTimers                            0x08008584   Section        0  pwm_common.o(i.startTimers)
    i.waitForPolarizationEnd                 0x080085f0   Section        0  pwm_common.o(i.waitForPolarizationEnd)
    .constdata                               0x08008652   Section       32  motorcontrol.o(.constdata)
    .constdata                               0x08008674   Section        2  mc_tasks.o(.constdata)
    .constdata                               0x08008678   Section       80  mc_parameters.o(.constdata)
    .constdata                               0x080086c8   Section       16  system_stm32g4xx.o(.constdata)
    .constdata                               0x080086d8   Section        8  system_stm32g4xx.o(.constdata)
    .constdata                               0x080086e0   Section       56  r1_g4xx_pwm_curr_fdbk.o(.constdata)
    CHANNEL_OFFSET_TAB                       0x080086e0   Data           6  r1_g4xx_pwm_curr_fdbk.o(.constdata)
    REGULAR_SAMP_CUR1                        0x080086e6   Data           6  r1_g4xx_pwm_curr_fdbk.o(.constdata)
    REGULAR_SAMP_CUR2                        0x080086ec   Data           6  r1_g4xx_pwm_curr_fdbk.o(.constdata)
    BOUNDR1_SAMP_CUR2                        0x080086f2   Data           6  r1_g4xx_pwm_curr_fdbk.o(.constdata)
    BOUNDR2_SAMP_CUR1                        0x080086f8   Data           6  r1_g4xx_pwm_curr_fdbk.o(.constdata)
    BOUNDR2_SAMP_CUR2                        0x080086fe   Data           6  r1_g4xx_pwm_curr_fdbk.o(.constdata)
    OFFSET_TAB_CCMRx                         0x08008704   Data          10  r1_g4xx_pwm_curr_fdbk.o(.constdata)
    SHIFT_TAB_OCxx                           0x0800870e   Data          10  r1_g4xx_pwm_curr_fdbk.o(.constdata)
    .constdata                               0x08008718   Section        6  usart_frame_communication_protocol.o(.constdata)
    UFCP_Usart_Timeout_none                  0x08008718   Data           2  usart_frame_communication_protocol.o(.constdata)
    UFCP_Usart_Timeout_start                 0x0800871a   Data           2  usart_frame_communication_protocol.o(.constdata)
    UFCP_Usart_Timeout_stop                  0x0800871c   Data           2  usart_frame_communication_protocol.o(.constdata)
    .data                                    0x20000000   Section       12  motorcontrol.o(.data)
    .data                                    0x2000000c   Section        8  motor_control_protocol.o(.data)
    .data                                    0x20000014   Section      276  mc_config.o(.data)
    .data                                    0x20000128   Section       44  mc_config.o(.data)
    .data                                    0x20000154   Section       44  mc_config.o(.data)
    .data                                    0x20000180   Section       44  mc_config.o(.data)
    .data                                    0x200001ac   Section       52  mc_config.o(.data)
    .data                                    0x200001e0   Section      120  mc_config.o(.data)
    .data                                    0x20000258   Section      136  mc_config.o(.data)
    .data                                    0x200002e0   Section       56  mc_config.o(.data)
    .data                                    0x20000318   Section      296  mc_config.o(.data)
    .data                                    0x20000440   Section       20  mc_config.o(.data)
    .data                                    0x20000454   Section       40  mc_config.o(.data)
    .data                                    0x2000047c   Section       40  mc_config.o(.data)
    .data                                    0x200004a4   Section       24  mc_config.o(.data)
    .data                                    0x200004bc   Section      180  mc_config.o(.data)
    .data                                    0x20000570   Section      316  mc_config.o(.data)
    .data                                    0x200006ac   Section       58  mc_tasks.o(.data)
    hMFTaskCounterM1                         0x200006ae   Data           2  mc_tasks.o(.data)
    hBootCapDelayCounterM1                   0x200006b0   Data           2  mc_tasks.o(.data)
    hStopPermanencyCounterM1                 0x200006b2   Data           2  mc_tasks.o(.data)
    .data                                    0x200006e6   Section        6  regular_conversion_manager.o(.data)
    .data                                    0x200006ec   Section        1  stm32g4xx_mc_it.o(.data)
    SystickDividerCounter                    0x200006ec   Data           1  stm32g4xx_mc_it.o(.data)
    .data                                    0x200006f0   Section       12  ui_task.o(.data)
    bCOMATRTimeCounter                       0x200006f0   Data           2  ui_task.o(.data)
    bUITaskCounter                           0x200006f2   Data           2  ui_task.o(.data)
    bCOMTimeoutCounter                       0x200006f4   Data           2  ui_task.o(.data)
    .data                                    0x200006fc   Section       12  stm32g4xx_hal.o(.data)
    .data                                    0x20000708   Section        4  system_stm32g4xx.o(.data)
    .bss                                     0x2000070c   Section      352  main.o(.bss)
    .bss                                     0x2000086c   Section       96  main.o(.bss)
    .bss                                     0x200008cc   Section       24  mc_config.o(.bss)
    .bss                                     0x200008e4   Section       12  mc_config.o(.bss)
    .bss                                     0x200008f0   Section      152  mc_tasks.o(.bss)
    .bss                                     0x20000988   Section       72  regular_conversion_manager.o(.bss)
    .bss                                     0x200009d0   Section      176  ui_task.o(.bss)
    STACK                                    0x20000a80   Section     1024  startup_stm32g431xx.o(STACK)

    Global Symbols

    Symbol Name                              Value     Ov Type        Size  Object(Section)

    BuildAttributes$$THM_ISAv4$E$P$D$K$B$S$7EM$VFPi3$EXTD16$VFPS$VFMA$PE$A:L22UL41UL21$X:L11$S22US41US21$IEEE1$IW$USESV6$~STKCKD$USESV7$~SHL$OTIME$EBA8$MICROLIB$REQ8$PRES8$EABIv2 0x00000000   Number         0  anon$$obj.o ABSOLUTE
    __ARM_use_no_argv                        0x00000000   Number         0  main.o ABSOLUTE
    __cpp_initialize__aeabi_                  - Undefined Weak Reference
    __cxa_finalize                            - Undefined Weak Reference
    _clock_init                               - Undefined Weak Reference
    _microlib_exit                            - Undefined Weak Reference
    __Vectors_Size                           0x000001d8   Number         0  startup_stm32g431xx.o ABSOLUTE
    __Vectors                                0x08000000   Data           4  startup_stm32g431xx.o(RESET)
    __Vectors_End                            0x080001d8   Data           0  startup_stm32g431xx.o(RESET)
    __main                                   0x080001d9   Thumb Code     0  entry.o(.ARM.Collect$$$$00000000)
    _main_stk                                0x080001d9   Thumb Code     0  entry2.o(.ARM.Collect$$$$00000001)
    _main_scatterload                        0x080001dd   Thumb Code     0  entry5.o(.ARM.Collect$$$$00000004)
    __main_after_scatterload                 0x080001e1   Thumb Code     0  entry5.o(.ARM.Collect$$$$00000004)
    _main_clock                              0x080001e1   Thumb Code     0  entry7b.o(.ARM.Collect$$$$00000008)
    _main_cpp_init                           0x080001e1   Thumb Code     0  entry8b.o(.ARM.Collect$$$$0000000A)
    _main_init                               0x080001e1   Thumb Code     0  entry9a.o(.ARM.Collect$$$$0000000B)
    __rt_final_cpp                           0x080001e9   Thumb Code     0  entry10a.o(.ARM.Collect$$$$0000000D)
    __rt_final_exit                          0x080001e9   Thumb Code     0  entry11a.o(.ARM.Collect$$$$0000000F)
    RUC_FirstAccelerationStageReached        0x080001ed   Thumb Code    20  revup_ctrl.o(.ccmram)
    STO_PLL_CalcElAngle                      0x08000201   Thumb Code   466  sto_pll_speed_pos_fdbk.o(.ccmram)
    STO_PLL_CalcAvrgElSpeedDpp               0x080003d3   Thumb Code    78  sto_pll_speed_pos_fdbk.o(.ccmram)
    STO_ResetPLL                             0x08000421   Thumb Code     8  sto_pll_speed_pos_fdbk.o(.ccmram)
    Reset_Handler                            0x08000429   Thumb Code     8  startup_stm32g431xx.o(.text)
    NMI_Handler                              0x08000431   Thumb Code     2  startup_stm32g431xx.o(.text)
    MemManage_Handler                        0x08000435   Thumb Code     2  startup_stm32g431xx.o(.text)
    BusFault_Handler                         0x08000437   Thumb Code     2  startup_stm32g431xx.o(.text)
    UsageFault_Handler                       0x08000439   Thumb Code     2  startup_stm32g431xx.o(.text)
    SVC_Handler                              0x0800043b   Thumb Code     2  startup_stm32g431xx.o(.text)
    DebugMon_Handler                         0x0800043d   Thumb Code     2  startup_stm32g431xx.o(.text)
    PendSV_Handler                           0x0800043f   Thumb Code     2  startup_stm32g431xx.o(.text)
    COMP1_2_3_IRQHandler                     0x08000443   Thumb Code     0  startup_stm32g431xx.o(.text)
    COMP4_IRQHandler                         0x08000443   Thumb Code     0  startup_stm32g431xx.o(.text)
    CORDIC_IRQHandler                        0x08000443   Thumb Code     0  startup_stm32g431xx.o(.text)
    CRS_IRQHandler                           0x08000443   Thumb Code     0  startup_stm32g431xx.o(.text)
    DMA1_Channel2_IRQHandler                 0x08000443   Thumb Code     0  startup_stm32g431xx.o(.text)
    DMA1_Channel3_IRQHandler                 0x08000443   Thumb Code     0  startup_stm32g431xx.o(.text)
    DMA1_Channel4_IRQHandler                 0x08000443   Thumb Code     0  startup_stm32g431xx.o(.text)
    DMA1_Channel5_IRQHandler                 0x08000443   Thumb Code     0  startup_stm32g431xx.o(.text)
    DMA1_Channel6_IRQHandler                 0x08000443   Thumb Code     0  startup_stm32g431xx.o(.text)
    DMA2_Channel1_IRQHandler                 0x08000443   Thumb Code     0  startup_stm32g431xx.o(.text)
    DMA2_Channel2_IRQHandler                 0x08000443   Thumb Code     0  startup_stm32g431xx.o(.text)
    DMA2_Channel3_IRQHandler                 0x08000443   Thumb Code     0  startup_stm32g431xx.o(.text)
    DMA2_Channel4_IRQHandler                 0x08000443   Thumb Code     0  startup_stm32g431xx.o(.text)
    DMA2_Channel5_IRQHandler                 0x08000443   Thumb Code     0  startup_stm32g431xx.o(.text)
    DMA2_Channel6_IRQHandler                 0x08000443   Thumb Code     0  startup_stm32g431xx.o(.text)
    DMAMUX_OVR_IRQHandler                    0x08000443   Thumb Code     0  startup_stm32g431xx.o(.text)
    EXTI0_IRQHandler                         0x08000443   Thumb Code     0  startup_stm32g431xx.o(.text)
    EXTI1_IRQHandler                         0x08000443   Thumb Code     0  startup_stm32g431xx.o(.text)
    EXTI2_IRQHandler                         0x08000443   Thumb Code     0  startup_stm32g431xx.o(.text)
    EXTI3_IRQHandler                         0x08000443   Thumb Code     0  startup_stm32g431xx.o(.text)
    EXTI4_IRQHandler                         0x08000443   Thumb Code     0  startup_stm32g431xx.o(.text)
    EXTI9_5_IRQHandler                       0x08000443   Thumb Code     0  startup_stm32g431xx.o(.text)
    FDCAN1_IT0_IRQHandler                    0x08000443   Thumb Code     0  startup_stm32g431xx.o(.text)
    FDCAN1_IT1_IRQHandler                    0x08000443   Thumb Code     0  startup_stm32g431xx.o(.text)
    FLASH_IRQHandler                         0x08000443   Thumb Code     0  startup_stm32g431xx.o(.text)
    FMAC_IRQHandler                          0x08000443   Thumb Code     0  startup_stm32g431xx.o(.text)
    FPU_IRQHandler                           0x08000443   Thumb Code     0  startup_stm32g431xx.o(.text)
    I2C1_ER_IRQHandler                       0x08000443   Thumb Code     0  startup_stm32g431xx.o(.text)
    I2C1_EV_IRQHandler                       0x08000443   Thumb Code     0  startup_stm32g431xx.o(.text)
    I2C2_ER_IRQHandler                       0x08000443   Thumb Code     0  startup_stm32g431xx.o(.text)
    I2C2_EV_IRQHandler                       0x08000443   Thumb Code     0  startup_stm32g431xx.o(.text)
    I2C3_ER_IRQHandler                       0x08000443   Thumb Code     0  startup_stm32g431xx.o(.text)
    I2C3_EV_IRQHandler                       0x08000443   Thumb Code     0  startup_stm32g431xx.o(.text)
    LPTIM1_IRQHandler                        0x08000443   Thumb Code     0  startup_stm32g431xx.o(.text)
    LPUART1_IRQHandler                       0x08000443   Thumb Code     0  startup_stm32g431xx.o(.text)
    PVD_PVM_IRQHandler                       0x08000443   Thumb Code     0  startup_stm32g431xx.o(.text)
    RCC_IRQHandler                           0x08000443   Thumb Code     0  startup_stm32g431xx.o(.text)
    RNG_IRQHandler                           0x08000443   Thumb Code     0  startup_stm32g431xx.o(.text)
    RTC_Alarm_IRQHandler                     0x08000443   Thumb Code     0  startup_stm32g431xx.o(.text)
    RTC_TAMP_LSECSS_IRQHandler               0x08000443   Thumb Code     0  startup_stm32g431xx.o(.text)
    RTC_WKUP_IRQHandler                      0x08000443   Thumb Code     0  startup_stm32g431xx.o(.text)
    SAI1_IRQHandler                          0x08000443   Thumb Code     0  startup_stm32g431xx.o(.text)
    SPI1_IRQHandler                          0x08000443   Thumb Code     0  startup_stm32g431xx.o(.text)
    SPI2_IRQHandler                          0x08000443   Thumb Code     0  startup_stm32g431xx.o(.text)
    SPI3_IRQHandler                          0x08000443   Thumb Code     0  startup_stm32g431xx.o(.text)
    TIM1_CC_IRQHandler                       0x08000443   Thumb Code     0  startup_stm32g431xx.o(.text)
    TIM1_TRG_COM_TIM17_IRQHandler            0x08000443   Thumb Code     0  startup_stm32g431xx.o(.text)
    TIM2_IRQHandler                          0x08000443   Thumb Code     0  startup_stm32g431xx.o(.text)
    TIM3_IRQHandler                          0x08000443   Thumb Code     0  startup_stm32g431xx.o(.text)
    TIM4_IRQHandler                          0x08000443   Thumb Code     0  startup_stm32g431xx.o(.text)
    TIM6_DAC_IRQHandler                      0x08000443   Thumb Code     0  startup_stm32g431xx.o(.text)
    TIM7_DAC_IRQHandler                      0x08000443   Thumb Code     0  startup_stm32g431xx.o(.text)
    TIM8_BRK_IRQHandler                      0x08000443   Thumb Code     0  startup_stm32g431xx.o(.text)
    TIM8_CC_IRQHandler                       0x08000443   Thumb Code     0  startup_stm32g431xx.o(.text)
    TIM8_TRG_COM_IRQHandler                  0x08000443   Thumb Code     0  startup_stm32g431xx.o(.text)
    TIM8_UP_IRQHandler                       0x08000443   Thumb Code     0  startup_stm32g431xx.o(.text)
    UART4_IRQHandler                         0x08000443   Thumb Code     0  startup_stm32g431xx.o(.text)
    UCPD1_IRQHandler                         0x08000443   Thumb Code     0  startup_stm32g431xx.o(.text)
    USART1_IRQHandler                        0x08000443   Thumb Code     0  startup_stm32g431xx.o(.text)
    USART3_IRQHandler                        0x08000443   Thumb Code     0  startup_stm32g431xx.o(.text)
    USBWakeUp_IRQHandler                     0x08000443   Thumb Code     0  startup_stm32g431xx.o(.text)
    USB_HP_IRQHandler                        0x08000443   Thumb Code     0  startup_stm32g431xx.o(.text)
    USB_LP_IRQHandler                        0x08000443   Thumb Code     0  startup_stm32g431xx.o(.text)
    WWDG_IRQHandler                          0x08000443   Thumb Code     0  startup_stm32g431xx.o(.text)
    RUC_Init                                 0x0800044d   Thumb Code    86  revup_ctrl.o(.text)
    RUC_Clear                                0x080004a3   Thumb Code   136  revup_ctrl.o(.text)
    RUC_OTF_Exec                             0x0800052b   Thumb Code   508  revup_ctrl.o(.text)
    RUC_Exec                                 0x08000727   Thumb Code   106  revup_ctrl.o(.text)
    RUC_Completed                            0x08000791   Thumb Code    14  revup_ctrl.o(.text)
    RUC_Stop                                 0x0800079f   Thumb Code    30  revup_ctrl.o(.text)
    RUC_SetPhaseDurationms                   0x080007bd   Thumb Code    12  revup_ctrl.o(.text)
    RUC_SetPhaseFinalMecSpeedUnit            0x080007c9   Thumb Code    12  revup_ctrl.o(.text)
    RUC_SetPhaseFinalTorque                  0x080007d5   Thumb Code    12  revup_ctrl.o(.text)
    RUC_GetPhaseDurationms                   0x080007e1   Thumb Code    12  revup_ctrl.o(.text)
    RUC_GetPhaseFinalMecSpeedUnit            0x080007ed   Thumb Code    14  revup_ctrl.o(.text)
    RUC_GetPhaseFinalTorque                  0x080007fb   Thumb Code    14  revup_ctrl.o(.text)
    RUC_GetNumberOfPhases                    0x08000809   Thumb Code     6  revup_ctrl.o(.text)
    RUC_Get_SCLowsideOTF_Status              0x0800080f   Thumb Code     6  revup_ctrl.o(.text)
    STO_PLL_Clear                            0x08000815   Thumb Code   124  sto_pll_speed_pos_fdbk.o(.text)
    STO_PLL_Init                             0x08000891   Thumb Code    90  sto_pll_speed_pos_fdbk.o(.text)
    STO_PLL_Return                           0x080008eb   Thumb Code     2  sto_pll_speed_pos_fdbk.o(.text)
    STO_PLL_CalcAvrgMecSpeedUnit             0x080008ed   Thumb Code   318  sto_pll_speed_pos_fdbk.o(.text)
    STO_PLL_IsObserverConverged              0x08000a2b   Thumb Code   166  sto_pll_speed_pos_fdbk.o(.text)
    STO_PLL_GetEstimatedBemf                 0x08000ad1   Thumb Code    20  sto_pll_speed_pos_fdbk.o(.text)
    STO_PLL_GetEstimatedCurrent              0x08000ae5   Thumb Code    24  sto_pll_speed_pos_fdbk.o(.text)
    STO_PLL_GetObserverGains                 0x08000afd   Thumb Code    10  sto_pll_speed_pos_fdbk.o(.text)
    STO_PLL_SetObserverGains                 0x08000b07   Thumb Code     6  sto_pll_speed_pos_fdbk.o(.text)
    STO_GetPLLGains                          0x08000b0d   Thumb Code    28  sto_pll_speed_pos_fdbk.o(.text)
    STO_SetPLLGains                          0x08000b29   Thumb Code    26  sto_pll_speed_pos_fdbk.o(.text)
    STO_PLL_SetMecAngle                      0x08000b43   Thumb Code     2  sto_pll_speed_pos_fdbk.o(.text)
    STO_OTF_ResetPLL                         0x08000b45   Thumb Code    10  sto_pll_speed_pos_fdbk.o(.text)
    STO_SetPLL                               0x08000b4f   Thumb Code    30  sto_pll_speed_pos_fdbk.o(.text)
    STO_PLL_GetEstimatedBemfLevel            0x08000b6d   Thumb Code     6  sto_pll_speed_pos_fdbk.o(.text)
    STO_PLL_GetObservedBemfLevel             0x08000b73   Thumb Code     6  sto_pll_speed_pos_fdbk.o(.text)
    STO_PLL_BemfConsistencyCheckSwitch       0x08000b79   Thumb Code     6  sto_pll_speed_pos_fdbk.o(.text)
    STO_PLL_IsBemfConsistent                 0x08000b7f   Thumb Code     6  sto_pll_speed_pos_fdbk.o(.text)
    STO_PLL_IsVarianceTight                  0x08000b85   Thumb Code     8  sto_pll_speed_pos_fdbk.o(.text)
    STO_PLL_ForceConvergency1                0x08000b8d   Thumb Code    10  sto_pll_speed_pos_fdbk.o(.text)
    STO_PLL_ForceConvergency2                0x08000b97   Thumb Code    10  sto_pll_speed_pos_fdbk.o(.text)
    STO_SetMinStartUpValidSpeedUnit          0x08000ba1   Thumb Code     6  sto_pll_speed_pos_fdbk.o(.text)
    __aeabi_uldivmod                         0x08000bad   Thumb Code    98  uldiv.o(.text)
    __aeabi_memset                           0x08000c0f   Thumb Code    14  memseta.o(.text)
    __aeabi_memset4                          0x08000c0f   Thumb Code     0  memseta.o(.text)
    __aeabi_memset8                          0x08000c0f   Thumb Code     0  memseta.o(.text)
    __aeabi_memclr                           0x08000c1d   Thumb Code     4  memseta.o(.text)
    __aeabi_memclr4                          0x08000c1d   Thumb Code     0  memseta.o(.text)
    __aeabi_memclr8                          0x08000c1d   Thumb Code     0  memseta.o(.text)
    _memset$wrapper                          0x08000c21   Thumb Code    18  memseta.o(.text)
    __aeabi_llsl                             0x08000c33   Thumb Code    30  llshl.o(.text)
    _ll_shift_l                              0x08000c33   Thumb Code     0  llshl.o(.text)
    __aeabi_llsr                             0x08000c51   Thumb Code    32  llushr.o(.text)
    _ll_ushift_r                             0x08000c51   Thumb Code     0  llushr.o(.text)
    __scatterload                            0x08000c71   Thumb Code    28  init.o(.text)
    __scatterload_rt2                        0x08000c71   Thumb Code     0  init.o(.text)
    __decompress                             0x08000c95   Thumb Code     0  __dczerorl2.o(.text)
    __decompress1                            0x08000c95   Thumb Code    86  __dczerorl2.o(.text)
    ADC1_2_IRQHandler                        0x08000ceb   Thumb Code    12  stm32g4xx_mc_it.o(i.ADC1_2_IRQHandler)
    Circle_Limitation                        0x08000cf7   Thumb Code    86  circle_limitation.o(i.Circle_Limitation)
    DMA1_Channel1_IRQHandler                 0x08000d4d   Thumb Code    28  stm32g4xx_mc_it.o(i.DMA1_Channel1_IRQHandler)
    EXTI15_10_IRQHandler                     0x08000d71   Thumb Code    22  stm32g4xx_mc_it.o(i.EXTI15_10_IRQHandler)
    Error_Handler                            0x08000d8d   Thumb Code     2  main.o(i.Error_Handler)
    FCP_CalcCRC                              0x08000d8f   Thumb Code    46  frame_communication_protocol.o(i.FCP_CalcCRC)
    FCP_Init                                 0x08000dbd   Thumb Code    42  frame_communication_protocol.o(i.FCP_Init)
    FCP_SetClient                            0x08000de7   Thumb Code    14  frame_communication_protocol.o(i.FCP_SetClient)
    FOC_CalcCurrRef                          0x08000df5   Thumb Code    42  mc_tasks.o(i.FOC_CalcCurrRef)
    FOC_Clear                                0x08000e29   Thumb Code    86  mc_tasks.o(i.FOC_Clear)
    FOC_InitAdditionalMethods                0x08000e95   Thumb Code     2  mc_tasks.o(i.FOC_InitAdditionalMethods)
    HAL_ADCEx_InjectedConfigChannel          0x08000e99   Thumb Code  1488  stm32g4xx_hal_adc_ex.o(i.HAL_ADCEx_InjectedConfigChannel)
    HAL_ADCEx_MultiModeConfigChannel         0x08001485   Thumb Code   216  stm32g4xx_hal_adc_ex.o(i.HAL_ADCEx_MultiModeConfigChannel)
    HAL_ADC_ConfigChannel                    0x08001565   Thumb Code  1196  stm32g4xx_hal_adc.o(i.HAL_ADC_ConfigChannel)
    HAL_ADC_Init                             0x08001a35   Thumb Code   550  stm32g4xx_hal_adc.o(i.HAL_ADC_Init)
    HAL_ADC_MspInit                          0x08001c71   Thumb Code   116  stm32g4xx_hal_msp.o(i.HAL_ADC_MspInit)
    HAL_CORDIC_Init                          0x08001ced   Thumb Code    52  stm32g4xx_hal_cordic.o(i.HAL_CORDIC_Init)
    HAL_CORDIC_MspInit                       0x08001d21   Thumb Code    40  stm32g4xx_hal_msp.o(i.HAL_CORDIC_MspInit)
    HAL_DMA_Init                             0x08001d4d   Thumb Code   252  stm32g4xx_hal_dma.o(i.HAL_DMA_Init)
    HAL_GPIO_Init                            0x08001e75   Thumb Code   528  stm32g4xx_hal_gpio.o(i.HAL_GPIO_Init)
    HAL_GPIO_WritePin                        0x08002099   Thumb Code    10  stm32g4xx_hal_gpio.o(i.HAL_GPIO_WritePin)
    HAL_GetTick                              0x080020a5   Thumb Code     6  stm32g4xx_hal.o(i.HAL_GetTick)
    HAL_IncTick                              0x080020b1   Thumb Code    12  stm32g4xx_hal.o(i.HAL_IncTick)
    HAL_Init                                 0x080020c1   Thumb Code    30  stm32g4xx_hal.o(i.HAL_Init)
    HAL_InitTick                             0x080020e1   Thumb Code    58  stm32g4xx_hal.o(i.HAL_InitTick)
    HAL_MspInit                              0x08002125   Thumb Code    54  stm32g4xx_hal_msp.o(i.HAL_MspInit)
    HAL_NVIC_EnableIRQ                       0x08002165   Thumb Code    30  stm32g4xx_hal_cortex.o(i.HAL_NVIC_EnableIRQ)
    HAL_NVIC_SetPriority                     0x08002185   Thumb Code    96  stm32g4xx_hal_cortex.o(i.HAL_NVIC_SetPriority)
    HAL_NVIC_SetPriorityGrouping             0x080021e9   Thumb Code    30  stm32g4xx_hal_cortex.o(i.HAL_NVIC_SetPriorityGrouping)
    HAL_PWREx_ControlVoltageScaling          0x0800220d   Thumb Code   180  stm32g4xx_hal_pwr_ex.o(i.HAL_PWREx_ControlVoltageScaling)
    HAL_RCCEx_PeriphCLKConfig                0x080022cd   Thumb Code   700  stm32g4xx_hal_rcc_ex.o(i.HAL_RCCEx_PeriphCLKConfig)
    HAL_RCC_ClockConfig                      0x08002591   Thumb Code   488  stm32g4xx_hal_rcc.o(i.HAL_RCC_ClockConfig)
    HAL_RCC_EnableCSS                        0x08002799   Thumb Code    12  stm32g4xx_hal_rcc.o(i.HAL_RCC_EnableCSS)
    HAL_RCC_GetHCLKFreq                      0x080027a9   Thumb Code     6  stm32g4xx_hal_rcc.o(i.HAL_RCC_GetHCLKFreq)
    HAL_RCC_GetPCLK1Freq                     0x080027b5   Thumb Code    24  stm32g4xx_hal_rcc.o(i.HAL_RCC_GetPCLK1Freq)
    HAL_RCC_GetPCLK2Freq                     0x080027d9   Thumb Code    24  stm32g4xx_hal_rcc.o(i.HAL_RCC_GetPCLK2Freq)
    HAL_RCC_GetSysClockFreq                  0x080027fd   Thumb Code   100  stm32g4xx_hal_rcc.o(i.HAL_RCC_GetSysClockFreq)
    HAL_RCC_OscConfig                        0x0800286d   Thumb Code  1226  stm32g4xx_hal_rcc.o(i.HAL_RCC_OscConfig)
    HAL_SYSTICK_Callback                     0x08002d37   Thumb Code     2  stm32g4xx_hal_cortex.o(i.HAL_SYSTICK_Callback)
    HAL_SYSTICK_Config                       0x08002d39   Thumb Code    38  stm32g4xx_hal_cortex.o(i.HAL_SYSTICK_Config)
    HAL_SYSTICK_IRQHandler                   0x08002d65   Thumb Code     8  stm32g4xx_hal_cortex.o(i.HAL_SYSTICK_IRQHandler)
    HAL_TIMEx_ConfigBreakDeadTime            0x08002d6d   Thumb Code   178  stm32g4xx_hal_tim_ex.o(i.HAL_TIMEx_ConfigBreakDeadTime)
    HAL_TIMEx_ConfigBreakInput               0x08002e29   Thumb Code   220  stm32g4xx_hal_tim_ex.o(i.HAL_TIMEx_ConfigBreakInput)
    HAL_TIMEx_MasterConfigSynchronization    0x08002f05   Thumb Code   104  stm32g4xx_hal_tim_ex.o(i.HAL_TIMEx_MasterConfigSynchronization)
    HAL_TIM_Base_Init                        0x08002f6d   Thumb Code    54  stm32g4xx_hal_tim.o(i.HAL_TIM_Base_Init)
    HAL_TIM_Base_MspInit                     0x08002fa5   Thumb Code   152  stm32g4xx_hal_msp.o(i.HAL_TIM_Base_MspInit)
    HAL_TIM_MspPostInit                      0x08003049   Thumb Code   142  stm32g4xx_hal_msp.o(i.HAL_TIM_MspPostInit)
    HAL_TIM_PWM_ConfigChannel                0x080030e1   Thumb Code   860  stm32g4xx_hal_tim.o(i.HAL_TIM_PWM_ConfigChannel)
    HAL_TIM_PWM_Init                         0x08003451   Thumb Code    54  stm32g4xx_hal_tim.o(i.HAL_TIM_PWM_Init)
    HAL_TIM_PWM_MspInit                      0x08003487   Thumb Code     2  stm32g4xx_hal_tim.o(i.HAL_TIM_PWM_MspInit)
    HAL_TIM_SlaveConfigSynchro               0x08003489   Thumb Code    86  stm32g4xx_hal_tim.o(i.HAL_TIM_SlaveConfigSynchro)
    HAL_UARTEx_DisableFifoMode               0x080034df   Thumb Code    62  stm32g4xx_hal_uart_ex.o(i.HAL_UARTEx_DisableFifoMode)
    HAL_UARTEx_EnableFifoMode                0x0800351d   Thumb Code   166  stm32g4xx_hal_uart_ex.o(i.HAL_UARTEx_EnableFifoMode)
    HAL_UARTEx_SetRxFifoThreshold            0x080035d5   Thumb Code   162  stm32g4xx_hal_uart_ex.o(i.HAL_UARTEx_SetRxFifoThreshold)
    HAL_UARTEx_SetTxFifoThreshold            0x08003681   Thumb Code   162  stm32g4xx_hal_uart_ex.o(i.HAL_UARTEx_SetTxFifoThreshold)
    HAL_UART_Init                            0x0800372d   Thumb Code   110  stm32g4xx_hal_uart.o(i.HAL_UART_Init)
    HAL_UART_MspInit                         0x0800379d   Thumb Code    92  stm32g4xx_hal_msp.o(i.HAL_UART_MspInit)
    HardFault_Handler                        0x080037fd   Thumb Code    98  stm32g4xx_mc_it.o(i.HardFault_Handler)
    MCI_Clear_Iqdref                         0x080038d9   Thumb Code    16  mc_interface.o(i.MCI_Clear_Iqdref)
    MCI_EncoderAlign                         0x080038e9   Thumb Code     8  mc_interface.o(i.MCI_EncoderAlign)
    MCI_ExecBufferedCommands                 0x080038f1   Thumb Code   120  mc_interface.o(i.MCI_ExecBufferedCommands)
    MCI_ExecSpeedRamp                        0x08003969   Thumb Code    14  mc_interface.o(i.MCI_ExecSpeedRamp)
    MCI_ExecTorqueRamp                       0x08003977   Thumb Code    18  mc_interface.o(i.MCI_ExecTorqueRamp)
    MCI_FaultAcknowledged                    0x08003989   Thumb Code     6  mc_interface.o(i.MCI_FaultAcknowledged)
    MCI_GetAvrgMecSpeedUnit                  0x0800398f   Thumb Code    16  mc_interface.o(i.MCI_GetAvrgMecSpeedUnit)
    MCI_GetControlMode                       0x0800399f   Thumb Code     4  mc_interface.o(i.MCI_GetControlMode)
    MCI_GetIab                               0x080039a3   Thumb Code     6  mc_interface.o(i.MCI_GetIab)
    MCI_GetIalphabeta                        0x080039a9   Thumb Code     6  mc_interface.o(i.MCI_GetIalphabeta)
    MCI_GetImposedMotorDirection             0x080039af   Thumb Code    54  mc_interface.o(i.MCI_GetImposedMotorDirection)
    MCI_GetIqd                               0x080039e5   Thumb Code     6  mc_interface.o(i.MCI_GetIqd)
    MCI_GetIqdref                            0x080039eb   Thumb Code     6  mc_interface.o(i.MCI_GetIqdref)
    MCI_GetLastRampFinalSpeed                0x080039f1   Thumb Code    16  mc_interface.o(i.MCI_GetLastRampFinalSpeed)
    MCI_GetMecSpeedRefUnit                   0x08003a01   Thumb Code     6  mc_interface.o(i.MCI_GetMecSpeedRefUnit)
    MCI_GetSTMState                          0x08003a07   Thumb Code     6  mc_interface.o(i.MCI_GetSTMState)
    MCI_GetTeref                             0x08003a0d   Thumb Code     8  mc_interface.o(i.MCI_GetTeref)
    MCI_GetValphabeta                        0x08003a15   Thumb Code     8  mc_interface.o(i.MCI_GetValphabeta)
    MCI_GetVqd                               0x08003a1d   Thumb Code     8  mc_interface.o(i.MCI_GetVqd)
    MCI_Init                                 0x08003a25   Thumb Code    20  mc_interface.o(i.MCI_Init)
    MCI_SetCurrentReferences                 0x08003a39   Thumb Code    20  mc_interface.o(i.MCI_SetCurrentReferences)
    MCI_SetIdref                             0x08003a4d   Thumb Code    10  mc_interface.o(i.MCI_SetIdref)
    MCI_StartMotor                           0x08003a57   Thumb Code    22  mc_interface.o(i.MCI_StartMotor)
    MCI_StopMotor                            0x08003a6d   Thumb Code     8  mc_interface.o(i.MCI_StopMotor)
    MCI_StopRamp                             0x08003a75   Thumb Code     6  mc_interface.o(i.MCI_StopRamp)
    MCM_Clarke                               0x08003a7d   Thumb Code    72  mc_math.o(i.MCM_Clarke)
    MCM_Park                                 0x08003ac9   Thumb Code   122  mc_math.o(i.MCM_Park)
    MCM_Rev_Park                             0x08003b4d   Thumb Code    54  mc_math.o(i.MCM_Rev_Park)
    MCM_Trig_Functions                       0x08003b85   Thumb Code    16  mc_math.o(i.MCM_Trig_Functions)
    MCP_Init                                 0x08003b9d   Thumb Code    50  motor_control_protocol.o(i.MCP_Init)
    MCP_OnTimeOut                            0x08003bdd   Thumb Code     8  motor_control_protocol.o(i.MCP_OnTimeOut)
    MCP_ReceivedFrame                        0x08003be5   Thumb Code  1628  motor_control_protocol.o(i.MCP_ReceivedFrame)
    MCP_SentFrame                            0x0800424d   Thumb Code     8  motor_control_protocol.o(i.MCP_SentFrame)
    MCP_WaitNextFrame                        0x08004255   Thumb Code    26  motor_control_protocol.o(i.MCP_WaitNextFrame)
    MC_GetSTMStateMotor1                     0x08004271   Thumb Code     8  mc_api.o(i.MC_GetSTMStateMotor1)
    MC_RunMotorControlTasks                  0x0800427d   Thumb Code    28  mc_tasks.o(i.MC_RunMotorControlTasks)
    MC_Scheduler                             0x0800429d   Thumb Code    58  mc_tasks.o(i.MC_Scheduler)
    MC_StartMotor1                           0x080042dd   Thumb Code     8  mc_api.o(i.MC_StartMotor1)
    MC_StopMotor1                            0x080042e9   Thumb Code     8  mc_api.o(i.MC_StopMotor1)
    MCboot                                   0x080042f5   Thumb Code   366  mc_tasks.o(i.MCboot)
    MPM_CalcElMotorPower                     0x080044ad   Thumb Code    70  motor_power_measurement.o(i.MPM_CalcElMotorPower)
    MPM_Clear                                0x080044f3   Thumb Code    26  motor_power_measurement.o(i.MPM_Clear)
    MPM_GetAvrgElMotorPowerW                 0x0800450d   Thumb Code     6  motor_power_measurement.o(i.MPM_GetAvrgElMotorPowerW)
    MX_MotorControl_Init                     0x08004515   Thumb Code    48  motorcontrol.o(i.MX_MotorControl_Init)
    NTC_CalcAvTemp                           0x0800454d   Thumb Code    58  ntc_temperature_sensor.o(i.NTC_CalcAvTemp)
    NTC_Clear                                0x08004587   Thumb Code     6  ntc_temperature_sensor.o(i.NTC_Clear)
    NTC_GetAvTemp_C                          0x0800458d   Thumb Code    40  ntc_temperature_sensor.o(i.NTC_GetAvTemp_C)
    NTC_Init                                 0x080045b5   Thumb Code    36  ntc_temperature_sensor.o(i.NTC_Init)
    NTC_SetFaultState                        0x080045d9   Thumb Code    24  ntc_temperature_sensor.o(i.NTC_SetFaultState)
    PID_GetKD                                0x080045f1   Thumb Code     6  pid_regulator.o(i.PID_GetKD)
    PID_GetKI                                0x080045f7   Thumb Code     6  pid_regulator.o(i.PID_GetKI)
    PID_GetKIDivisor                         0x080045fd   Thumb Code     4  pid_regulator.o(i.PID_GetKIDivisor)
    PID_GetKP                                0x08004601   Thumb Code     6  pid_regulator.o(i.PID_GetKP)
    PID_GetKPDivisor                         0x08004607   Thumb Code     4  pid_regulator.o(i.PID_GetKPDivisor)
    PID_HandleInit                           0x0800460b   Thumb Code    20  pid_regulator.o(i.PID_HandleInit)
    PID_SetIntegralTerm                      0x0800461f   Thumb Code     4  pid_regulator.o(i.PID_SetIntegralTerm)
    PID_SetKD                                0x08004623   Thumb Code     4  pid_regulator.o(i.PID_SetKD)
    PID_SetKI                                0x08004627   Thumb Code     4  pid_regulator.o(i.PID_SetKI)
    PID_SetKP                                0x0800462b   Thumb Code     4  pid_regulator.o(i.PID_SetKP)
    PI_Controller                            0x08004631   Thumb Code   122  pid_regulator.o(i.PI_Controller)
    PQD_CalcElMotorPower                     0x080046b1   Thumb Code    90  pqd_motor_power_measurement.o(i.PQD_CalcElMotorPower)
    PWMC_CheckOverCurrent                    0x08004711   Thumb Code     4  pwm_curr_fdbk.o(i.PWMC_CheckOverCurrent)
    PWMC_CurrentReadingCalibr                0x08004715   Thumb Code    66  pwm_curr_fdbk.o(i.PWMC_CurrentReadingCalibr)
    PWMC_GetPhaseCurrents                    0x08004757   Thumb Code     4  pwm_curr_fdbk.o(i.PWMC_GetPhaseCurrents)
    PWMC_SetPhaseVoltage                     0x0800475b   Thumb Code   474  pwm_curr_fdbk.o(i.PWMC_SetPhaseVoltage)
    PWMC_SwitchOffPWM                        0x08004935   Thumb Code     4  pwm_curr_fdbk.o(i.PWMC_SwitchOffPWM)
    PWMC_SwitchOnPWM                         0x08004939   Thumb Code     4  pwm_curr_fdbk.o(i.PWMC_SwitchOnPWM)
    PWMC_TurnOnLowSides                      0x0800493d   Thumb Code     4  pwm_curr_fdbk.o(i.PWMC_TurnOnLowSides)
    R1_1ShuntMotorVarsInit                   0x08004941   Thumb Code    78  r1_g4xx_pwm_curr_fdbk.o(i.R1_1ShuntMotorVarsInit)
    R1_BRK2_IRQHandler                       0x0800498f   Thumb Code    54  r1_g4xx_pwm_curr_fdbk.o(i.R1_BRK2_IRQHandler)
    R1_BRK_IRQHandler                        0x080049c5   Thumb Code    28  r1_g4xx_pwm_curr_fdbk.o(i.R1_BRK_IRQHandler)
    R1_CalcDutyCycles                        0x080049e1   Thumb Code   806  r1_g4xx_pwm_curr_fdbk.o(i.R1_CalcDutyCycles)
    R1_CurrentReadingPolarization            0x08004d1d   Thumb Code   104  r1_g4xx_pwm_curr_fdbk.o(i.R1_CurrentReadingPolarization)
    R1_GetPhaseCurrents                      0x08004d95   Thumb Code   346  r1_g4xx_pwm_curr_fdbk.o(i.R1_GetPhaseCurrents)
    R1_HFCurrentsPolarization                0x08004ef5   Thumb Code    50  r1_g4xx_pwm_curr_fdbk.o(i.R1_HFCurrentsPolarization)
    R1_Init                                  0x08004f29   Thumb Code   984  r1_g4xx_pwm_curr_fdbk.o(i.R1_Init)
    R1_IsOverCurrentOccurred                 0x08005339   Thumb Code    38  r1_g4xx_pwm_curr_fdbk.o(i.R1_IsOverCurrentOccurred)
    R1_SetADCSampPointPolarization           0x0800535f   Thumb Code    40  r1_g4xx_pwm_curr_fdbk.o(i.R1_SetADCSampPointPolarization)
    R1_SetAOReferenceVoltage                 0x08005389   Thumb Code   100  r1_g4xx_pwm_curr_fdbk.o(i.R1_SetAOReferenceVoltage)
    R1_SwitchOffPWM                          0x080053f5   Thumb Code   132  r1_g4xx_pwm_curr_fdbk.o(i.R1_SwitchOffPWM)
    R1_SwitchOnPWM                           0x08005479   Thumb Code   234  r1_g4xx_pwm_curr_fdbk.o(i.R1_SwitchOnPWM)
    R1_TIMxInit                              0x08005563   Thumb Code   220  r1_g4xx_pwm_curr_fdbk.o(i.R1_TIMxInit)
    R1_TIMx_UP_IRQHandler                    0x08005641   Thumb Code   214  r1_g4xx_pwm_curr_fdbk.o(i.R1_TIMx_UP_IRQHandler)
    R1_TurnOnLowSides                        0x0800571d   Thumb Code    82  r1_g4xx_pwm_curr_fdbk.o(i.R1_TurnOnLowSides)
    RCM_ExecNextConv                         0x08005771   Thumb Code   130  regular_conversion_manager.o(i.RCM_ExecNextConv)
    RCM_ExecRegularConv                      0x08005805   Thumb Code   302  regular_conversion_manager.o(i.RCM_ExecRegularConv)
    RCM_ExecUserConv                         0x08005949   Thumb Code    60  regular_conversion_manager.o(i.RCM_ExecUserConv)
    RCM_ReadOngoingConv                      0x0800598d   Thumb Code    42  regular_conversion_manager.o(i.RCM_ReadOngoingConv)
    RCM_RegisterRegConv                      0x080059c5   Thumb Code   288  regular_conversion_manager.o(i.RCM_RegisterRegConv)
    REMNG_Calc                               0x08005af5   Thumb Code    44  ramp_ext_mngr.o(i.REMNG_Calc)
    REMNG_ExecRamp                           0x08005b21   Thumb Code   130  ramp_ext_mngr.o(i.REMNG_ExecRamp)
    REMNG_Init                               0x08005ba3   Thumb Code    16  ramp_ext_mngr.o(i.REMNG_Init)
    REMNG_RampCompleted                      0x08005bb3   Thumb Code    14  ramp_ext_mngr.o(i.REMNG_RampCompleted)
    RVBS_CalcAvVbus                          0x08005bc1   Thumb Code   100  r_divider_bus_voltage_sensor.o(i.RVBS_CalcAvVbus)
    RVBS_CheckFaultState                     0x08005c25   Thumb Code    24  r_divider_bus_voltage_sensor.o(i.RVBS_CheckFaultState)
    RVBS_Clear                               0x08005c3d   Thumb Code    44  r_divider_bus_voltage_sensor.o(i.RVBS_Clear)
    RVBS_Init                                0x08005c69   Thumb Code    22  r_divider_bus_voltage_sensor.o(i.RVBS_Init)
    SPD_GetAvrgMecSpeedUnit                  0x08005c7f   Thumb Code     6  speed_pos_fdbk.o(i.SPD_GetAvrgMecSpeedUnit)
    SPD_GetElAngle                           0x08005c85   Thumb Code     6  speed_pos_fdbk.o(i.SPD_GetElAngle)
    SPD_GetInstElSpeedDpp                    0x08005c8b   Thumb Code     6  speed_pos_fdbk.o(i.SPD_GetInstElSpeedDpp)
    SPD_GetS16Speed                          0x08005c91   Thumb Code    20  speed_pos_fdbk.o(i.SPD_GetS16Speed)
    SPD_IsMecSpeedReliable                   0x08005ca5   Thumb Code    96  speed_pos_fdbk.o(i.SPD_IsMecSpeedReliable)
    STC_CalcTorqueReference                  0x08005d05   Thumb Code    92  speed_torq_ctrl.o(i.STC_CalcTorqueReference)
    STC_Clear                                0x08005d61   Thumb Code    16  speed_torq_ctrl.o(i.STC_Clear)
    STC_ExecRamp                             0x08005d71   Thumb Code   146  speed_torq_ctrl.o(i.STC_ExecRamp)
    STC_ForceSpeedReferenceToCurrentSpeed    0x08005e03   Thumb Code    16  speed_torq_ctrl.o(i.STC_ForceSpeedReferenceToCurrentSpeed)
    STC_GetDefaultIqdref                     0x08005e13   Thumb Code    16  speed_torq_ctrl.o(i.STC_GetDefaultIqdref)
    STC_GetMaxAppPositiveMecSpeedUnit        0x08005e23   Thumb Code     4  speed_torq_ctrl.o(i.STC_GetMaxAppPositiveMecSpeedUnit)
    STC_GetMecSpeedRefUnit                   0x08005e27   Thumb Code    12  speed_torq_ctrl.o(i.STC_GetMecSpeedRefUnit)
    STC_GetMecSpeedRefUnitDefault            0x08005e33   Thumb Code     6  speed_torq_ctrl.o(i.STC_GetMecSpeedRefUnitDefault)
    STC_GetMinAppNegativeMecSpeedUnit        0x08005e39   Thumb Code     6  speed_torq_ctrl.o(i.STC_GetMinAppNegativeMecSpeedUnit)
    STC_GetSpeedSensor                       0x08005e3f   Thumb Code     4  speed_torq_ctrl.o(i.STC_GetSpeedSensor)
    STC_GetTorqueRef                         0x08005e43   Thumb Code    12  speed_torq_ctrl.o(i.STC_GetTorqueRef)
    STC_Init                                 0x08005e4f   Thumb Code    32  speed_torq_ctrl.o(i.STC_Init)
    STC_SetControlMode                       0x08005e6f   Thumb Code     8  speed_torq_ctrl.o(i.STC_SetControlMode)
    STC_SetSpeedSensor                       0x08005e77   Thumb Code     4  speed_torq_ctrl.o(i.STC_SetSpeedSensor)
    STC_StopRamp                             0x08005e7b   Thumb Code     8  speed_torq_ctrl.o(i.STC_StopRamp)
    STM_FaultAcknowledged                    0x08005e83   Thumb Code    22  state_machine.o(i.STM_FaultAcknowledged)
    STM_FaultProcessing                      0x08005e99   Thumb Code    54  state_machine.o(i.STM_FaultProcessing)
    STM_GetFaultState                        0x08005ecf   Thumb Code    10  state_machine.o(i.STM_GetFaultState)
    STM_GetState                             0x08005ed9   Thumb Code     4  state_machine.o(i.STM_GetState)
    STM_Init                                 0x08005edd   Thumb Code    10  state_machine.o(i.STM_Init)
    STM_NextState                            0x08005ee7   Thumb Code   254  state_machine.o(i.STM_NextState)
    SysTick_Handler                          0x08005fe5   Thumb Code    36  stm32g4xx_mc_it.o(i.SysTick_Handler)
    SystemInit                               0x0800600d   Thumb Code    20  system_stm32g4xx.o(i.SystemInit)
    TIM1_BRK_TIM15_IRQHandler                0x08006029   Thumb Code    54  stm32g4xx_mc_it.o(i.TIM1_BRK_TIM15_IRQHandler)
    TIM1_UP_TIM16_IRQHandler                 0x0800606d   Thumb Code    14  stm32g4xx_mc_it.o(i.TIM1_UP_TIM16_IRQHandler)
    TIM_Base_SetConfig                       0x08006085   Thumb Code   152  stm32g4xx_hal_tim.o(i.TIM_Base_SetConfig)
    TIM_OC2_SetConfig                        0x08006139   Thumb Code   136  stm32g4xx_hal_tim.o(i.TIM_OC2_SetConfig)
    TSK_ChargeBootCapDelayHasElapsedM1       0x080062c1   Thumb Code    14  mc_tasks.o(i.TSK_ChargeBootCapDelayHasElapsedM1)
    TSK_HardwareFaultTask                    0x080062d5   Thumb Code    24  mc_tasks.o(i.TSK_HardwareFaultTask)
    TSK_HighFrequencyTask                    0x080062f5   Thumb Code   316  mc_tasks.o(i.TSK_HighFrequencyTask)
    TSK_MediumFrequencyTaskM1                0x08006455   Thumb Code   624  mc_tasks.o(i.TSK_MediumFrequencyTaskM1)
    TSK_SafetyTask                           0x080066f1   Thumb Code    26  mc_tasks.o(i.TSK_SafetyTask)
    TSK_SafetyTask_PWMOFF                    0x08006711   Thumb Code   132  mc_tasks.o(i.TSK_SafetyTask_PWMOFF)
    TSK_SetChargeBootCapDelayM1              0x080067a9   Thumb Code     6  mc_tasks.o(i.TSK_SetChargeBootCapDelayM1)
    TSK_SetStopPermanencyTimeM1              0x080067b5   Thumb Code     6  mc_tasks.o(i.TSK_SetStopPermanencyTimeM1)
    TSK_StopPermanencyTimeHasElapsedM1       0x080067c1   Thumb Code    14  mc_tasks.o(i.TSK_StopPermanencyTimeHasElapsedM1)
    UART_AdvFeatureConfig                    0x080067d5   Thumb Code   218  stm32g4xx_hal_uart.o(i.UART_AdvFeatureConfig)
    UART_CheckIdleState                      0x080068af   Thumb Code    98  stm32g4xx_hal_uart.o(i.UART_CheckIdleState)
    UART_SetConfig                           0x08006911   Thumb Code  2226  stm32g4xx_hal_uart.o(i.UART_SetConfig)
    UART_WaitOnFlagUntilTimeout              0x080071c3   Thumb Code   118  stm32g4xx_hal_uart.o(i.UART_WaitOnFlagUntilTimeout)
    UFCP_AbortReceive                        0x08007239   Thumb Code     8  usart_frame_communication_protocol.o(i.UFCP_AbortReceive)
    UFCP_Init                                0x08007241   Thumb Code     4  usart_frame_communication_protocol.o(i.UFCP_Init)
    UFCP_OVR_IRQ_Handler                     0x08007245   Thumb Code    20  usart_frame_communication_protocol.o(i.UFCP_OVR_IRQ_Handler)
    UFCP_RX_IRQ_Handler                      0x08007259   Thumb Code   178  usart_frame_communication_protocol.o(i.UFCP_RX_IRQ_Handler)
    UFCP_Receive                             0x08007319   Thumb Code    40  usart_frame_communication_protocol.o(i.UFCP_Receive)
    UFCP_Send                                0x08007341   Thumb Code    86  usart_frame_communication_protocol.o(i.UFCP_Send)
    UFCP_TX_IRQ_Handler                      0x08007397   Thumb Code   100  usart_frame_communication_protocol.o(i.UFCP_TX_IRQ_Handler)
    UI_ExecCmd                               0x080073fb   Thumb Code   108  user_interface.o(i.UI_ExecCmd)
    UI_ExecSpeedRamp                         0x08007469   Thumb Code    42  user_interface.o(i.UI_ExecSpeedRamp)
    UI_ExecTorqueRamp                        0x08007499   Thumb Code    18  user_interface.o(i.UI_ExecTorqueRamp)
    UI_GetMPInfo                             0x080074ab   Thumb Code     4  user_interface.o(i.UI_GetMPInfo)
    UI_GetReg                                0x080074b1   Thumb Code  1356  user_interface.o(i.UI_GetReg)
    UI_GetRevupData                          0x08007a01   Thumb Code    72  user_interface.o(i.UI_GetRevupData)
    UI_GetSelectedMC                         0x08007a49   Thumb Code     4  user_interface.o(i.UI_GetSelectedMC)
    UI_HandleStartStopButton_cb              0x08007a4d   Thumb Code    24  ui_task.o(i.UI_HandleStartStopButton_cb)
    UI_Init                                  0x08007a65   Thumb Code    20  user_interface.o(i.UI_Init)
    UI_Scheduler                             0x08007a79   Thumb Code    40  ui_task.o(i.UI_Scheduler)
    UI_SelectMC                              0x08007aa5   Thumb Code    16  user_interface.o(i.UI_SelectMC)
    UI_SerialCommunicationTimeOutStart       0x08007ab5   Thumb Code     8  ui_task.o(i.UI_SerialCommunicationTimeOutStart)
    UI_SerialCommunicationTimeOutStop        0x08007ac1   Thumb Code     8  ui_task.o(i.UI_SerialCommunicationTimeOutStop)
    UI_SetCurrentReferences                  0x08007acd   Thumb Code    24  user_interface.o(i.UI_SetCurrentReferences)
    UI_SetReg                                0x08007ae5   Thumb Code   576  user_interface.o(i.UI_SetReg)
    UI_SetRevupData                          0x08007d29   Thumb Code    54  user_interface.o(i.UI_SetRevupData)
    UI_TaskInit                              0x08007d61   Thumb Code    82  ui_task.o(i.UI_TaskInit)
    USART2_IRQHandler                        0x08007dd1   Thumb Code   100  stm32g4xx_mc_it.o(i.USART2_IRQHandler)
    VBS_GetAvBusVoltage_V                    0x08007e39   Thumb Code    10  bus_voltage_sensor.o(i.VBS_GetAvBusVoltage_V)
    VBS_GetAvBusVoltage_d                    0x08007e43   Thumb Code     4  bus_voltage_sensor.o(i.VBS_GetAvBusVoltage_d)
    VSS_CalcAvrgMecSpeedUnit                 0x08007e47   Thumb Code   156  virtual_speed_sensor.o(i.VSS_CalcAvrgMecSpeedUnit)
    VSS_CalcElAngle                          0x08007ee3   Thumb Code   158  virtual_speed_sensor.o(i.VSS_CalcElAngle)
    VSS_Clear                                0x08007f81   Thumb Code    44  virtual_speed_sensor.o(i.VSS_Clear)
    VSS_Init                                 0x08007fad   Thumb Code     8  virtual_speed_sensor.o(i.VSS_Init)
    VSS_SetCopyObserver                      0x08007fb5   Thumb Code     8  virtual_speed_sensor.o(i.VSS_SetCopyObserver)
    VSS_SetMecAcceleration                   0x08007fbd   Thumb Code   124  virtual_speed_sensor.o(i.VSS_SetMecAcceleration)
    VSS_SetMecAngle                          0x08008039   Thumb Code    14  virtual_speed_sensor.o(i.VSS_SetMecAngle)
    VSS_SetStartTransition                   0x08008047   Thumb Code    28  virtual_speed_sensor.o(i.VSS_SetStartTransition)
    VSS_TransitionEnded                      0x08008063   Thumb Code     6  virtual_speed_sensor.o(i.VSS_TransitionEnded)
    __scatterload_copy                       0x08008069   Thumb Code    14  handlers.o(i.__scatterload_copy)
    __scatterload_null                       0x08008077   Thumb Code     2  handlers.o(i.__scatterload_null)
    __scatterload_zeroinit                   0x08008079   Thumb Code    14  handlers.o(i.__scatterload_zeroinit)
    getScalingFactor                         0x08008089   Thumb Code    40  ramp_ext_mngr.o(i.getScalingFactor)
    main                                     0x080080b1   Thumb Code   998  main.o(i.main)
    mc_lock_pins                             0x080084cd   Thumb Code   162  mc_tasks.o(i.mc_lock_pins)
    startTimers                              0x08008585   Thumb Code   100  pwm_common.o(i.startTimers)
    waitForPolarizationEnd                   0x080085f1   Thumb Code    98  pwm_common.o(i.waitForPolarizationEnd)
    s_fwVer                                  0x08008652   Data          32  motorcontrol.o(.constdata)
    R1_ParamsM1                              0x08008678   Data          80  mc_parameters.o(.constdata)
    AHBPrescTable                            0x080086c8   Data          16  system_stm32g4xx.o(.constdata)
    APBPrescTable                            0x080086d8   Data           8  system_stm32g4xx.o(.constdata)
    Region$$Table$$Base                      0x08008720   Number         0  anon$$obj.o(Region$$Table)
    Region$$Table$$Limit                     0x08008740   Number         0  anon$$obj.o(Region$$Table)
    wConfig                                  0x20000000   Data           4  motorcontrol.o(.data)
    pMCI                                     0x20000004   Data           4  motorcontrol.o(.data)
    pMCT                                     0x20000008   Data           4  motorcontrol.o(.data)
    MPInfo                                   0x2000000c   Data           8  motor_control_protocol.o(.data)
    PQD_MotorPowMeasM1                       0x20000014   Data         276  mc_config.o(.data)
    PIDSpeedHandle_M1                        0x20000128   Data          44  mc_config.o(.data)
    PIDIqHandle_M1                           0x20000154   Data          44  mc_config.o(.data)
    PIDIdHandle_M1                           0x20000180   Data          44  mc_config.o(.data)
    SpeednTorqCtrlM1                         0x200001ac   Data          52  mc_config.o(.data)
    RevUpControlM1                           0x200001e0   Data         120  mc_config.o(.data)
    PWM_Handle_M1                            0x20000258   Data         136  mc_config.o(.data)
    VirtualSpeedSensorM1                     0x200002e0   Data          56  mc_config.o(.data)
    STO_PLL_M1                               0x20000318   Data         296  mc_config.o(.data)
    STO_M1                                   0x20000440   Data          20  mc_config.o(.data)
    TempSensorParamsM1                       0x20000454   Data          40  mc_config.o(.data)
    RealBusVoltageSensorParamsM1             0x2000047c   Data          40  mc_config.o(.data)
    RampExtMngrHFParamsM1                    0x200004a4   Data          24  mc_config.o(.data)
    CircleLimitationM1                       0x200004bc   Data         180  mc_config.o(.data)
    pUSART                                   0x20000570   Data         316  mc_config.o(.data)
    bMCBootCompleted                         0x200006ac   Data           1  mc_tasks.o(.data)
    oMCInterface                             0x200006b4   Data           4  mc_tasks.o(.data)
    pSTC                                     0x200006b8   Data           4  mc_tasks.o(.data)
    pPIDSpeed                                0x200006bc   Data           4  mc_tasks.o(.data)
    pPIDIq                                   0x200006c0   Data           4  mc_tasks.o(.data)
    pPIDId                                   0x200006c4   Data           4  mc_tasks.o(.data)
    pBusSensorM1                             0x200006c8   Data           4  mc_tasks.o(.data)
    pTemperatureSensor                       0x200006cc   Data           4  mc_tasks.o(.data)
    pwmcHandle                               0x200006d0   Data           4  mc_tasks.o(.data)
    pMPM                                     0x200006d4   Data           4  mc_tasks.o(.data)
    pCLM                                     0x200006d8   Data           4  mc_tasks.o(.data)
    pREMNG                                   0x200006dc   Data           4  mc_tasks.o(.data)
    STM                                      0x200006e0   Data           6  mc_tasks.o(.data)
    RCM_currentHandle                        0x200006e6   Data           1  regular_conversion_manager.o(.data)
    RCM_UserConvHandle                       0x200006e7   Data           1  regular_conversion_manager.o(.data)
    RCM_UserConvState                        0x200006e8   Data           1  regular_conversion_manager.o(.data)
    RCM_UserConvValue                        0x200006ea   Data           2  regular_conversion_manager.o(.data)
    pMCP                                     0x200006f8   Data           4  ui_task.o(.data)
    uwTickPrio                               0x200006fc   Data           4  stm32g4xx_hal.o(.data)
    uwTickFreq                               0x20000700   Data           4  stm32g4xx_hal.o(.data)
    uwTick                                   0x20000704   Data           4  stm32g4xx_hal.o(.data)
    SystemCoreClock                          0x20000708   Data           4  system_stm32g4xx.o(.data)
    hadc1                                    0x2000070c   Data         108  main.o(.bss)
    hcordic                                  0x20000778   Data          40  main.o(.bss)
    htim1                                    0x200007a0   Data          64  main.o(.bss)
    huart2                                   0x200007e0   Data         140  main.o(.bss)
    hdma_tim1_ch4                            0x2000086c   Data          96  main.o(.bss)
    UI_Params                                0x200008cc   Data          24  mc_config.o(.bss)
    RealBusVoltageSensorFilterBufferM1       0x200008e4   Data          12  mc_config.o(.bss)
    FOCVars                                  0x200008f0   Data          38  mc_tasks.o(.bss)
    Mci                                      0x20000918   Data          28  mc_tasks.o(.bss)
    MCT                                      0x20000934   Data          84  mc_tasks.o(.bss)
    RCM_handle_array                         0x20000988   Data          16  regular_conversion_manager.o(.bss)
    RCM_CB_array                             0x20000998   Data          32  regular_conversion_manager.o(.bss)
    RCM_NoInj_array                          0x200009b8   Data          24  regular_conversion_manager.o(.bss)
    MCP_UI_Params                            0x200009d0   Data         176  ui_task.o(.bss)
    __initial_sp                             0x20000e80   Data           0  startup_stm32g431xx.o(STACK)



==============================================================================

Memory Map of the image

  Image Entry point : 0x080001d9

  Load Region LR_IROM1 (Base: 0x08000000, Size: 0x00008e4c, Max: 0x00020000, ABSOLUTE, COMPRESSED[0x00008920])

    Execution Region ER_IROM1 (Exec base: 0x08000000, Load base: 0x08000000, Size: 0x00008740, Max: 0x00020000, ABSOLUTE)

    Exec Addr    Load Addr    Size         Type   Attr      Idx    E Section Name        Object

    0x08000000   0x08000000   0x000001d8   Data   RO            3    RESET               startup_stm32g431xx.o
    0x080001d8   0x080001d8   0x00000000   Code   RO         6510  * .ARM.Collect$$$$00000000  mc_w.l(entry.o)
    0x080001d8   0x080001d8   0x00000004   Code   RO         6517    .ARM.Collect$$$$00000001  mc_w.l(entry2.o)
    0x080001dc   0x080001dc   0x00000004   Code   RO         6520    .ARM.Collect$$$$00000004  mc_w.l(entry5.o)
    0x080001e0   0x080001e0   0x00000000   Code   RO         6522    .ARM.Collect$$$$00000008  mc_w.l(entry7b.o)
    0x080001e0   0x080001e0   0x00000000   Code   RO         6524    .ARM.Collect$$$$0000000A  mc_w.l(entry8b.o)
    0x080001e0   0x080001e0   0x00000008   Code   RO         6525    .ARM.Collect$$$$0000000B  mc_w.l(entry9a.o)
    0x080001e8   0x080001e8   0x00000000   Code   RO         6527    .ARM.Collect$$$$0000000D  mc_w.l(entry10a.o)
    0x080001e8   0x080001e8   0x00000000   Code   RO         6529    .ARM.Collect$$$$0000000F  mc_w.l(entry11a.o)
    0x080001e8   0x080001e8   0x00000004   Code   RO         6518    .ARM.Collect$$$$00002712  mc_w.l(entry2.o)
    0x080001ec   0x080001ec   0x00000014   Code   RO         6493    .ccmram             libmc-keil_M4.lib(revup_ctrl.o)
    0x08000200   0x08000200   0x00000228   Code   RO         6503    .ccmram             libmc-keil_M4.lib(sto_pll_speed_pos_fdbk.o)
    0x08000428   0x08000428   0x00000024   Code   RO            4    .text               startup_stm32g431xx.o
    0x0800044c   0x0800044c   0x000003c8   Code   RO         6494    .text               libmc-keil_M4.lib(revup_ctrl.o)
    0x08000814   0x08000814   0x00000398   Code   RO         6504    .text               libmc-keil_M4.lib(sto_pll_speed_pos_fdbk.o)
    0x08000bac   0x08000bac   0x00000062   Code   RO         6513    .text               mc_w.l(uldiv.o)
    0x08000c0e   0x08000c0e   0x00000024   Code   RO         6515    .text               mc_w.l(memseta.o)
    0x08000c32   0x08000c32   0x0000001e   Code   RO         6531    .text               mc_w.l(llshl.o)
    0x08000c50   0x08000c50   0x00000020   Code   RO         6533    .text               mc_w.l(llushr.o)
    0x08000c70   0x08000c70   0x00000024   Code   RO         6535    .text               mc_w.l(init.o)
    0x08000c94   0x08000c94   0x00000056   Code   RO         6545    .text               mc_w.l(__dczerorl2.o)
    0x08000cea   0x08000cea   0x0000000c   Code   RO         1227    i.ADC1_2_IRQHandler  stm32g4xx_mc_it.o
    0x08000cf6   0x08000cf6   0x00000056   Code   RO         5141    i.Circle_Limitation  circle_limitation.o
    0x08000d4c   0x08000d4c   0x00000024   Code   RO         1228    i.DMA1_Channel1_IRQHandler  stm32g4xx_mc_it.o
    0x08000d70   0x08000d70   0x0000001c   Code   RO         1229    i.EXTI15_10_IRQHandler  stm32g4xx_mc_it.o
    0x08000d8c   0x08000d8c   0x00000002   Code   RO           13    i.Error_Handler     main.o
    0x08000d8e   0x08000d8e   0x0000002e   Code   RO         6336    i.FCP_CalcCRC       frame_communication_protocol.o
    0x08000dbc   0x08000dbc   0x0000002a   Code   RO         6337    i.FCP_Init          frame_communication_protocol.o
    0x08000de6   0x08000de6   0x0000000e   Code   RO         6339    i.FCP_SetClient     frame_communication_protocol.o
    0x08000df4   0x08000df4   0x00000034   Code   RO          712    i.FOC_CalcCurrRef   mc_tasks.o
    0x08000e28   0x08000e28   0x0000006c   Code   RO          713    i.FOC_Clear         mc_tasks.o
    0x08000e94   0x08000e94   0x00000002   Code   RO          714    i.FOC_InitAdditionalMethods  mc_tasks.o
    0x08000e96   0x08000e96   0x00000002   PAD
    0x08000e98   0x08000e98   0x000005ec   Code   RO         1881    i.HAL_ADCEx_InjectedConfigChannel  stm32g4xx_hal_adc_ex.o
    0x08001484   0x08001484   0x000000e0   Code   RO         1892    i.HAL_ADCEx_MultiModeConfigChannel  stm32g4xx_hal_adc_ex.o
    0x08001564   0x08001564   0x000004d0   Code   RO         1679    i.HAL_ADC_ConfigChannel  stm32g4xx_hal_adc.o
    0x08001a34   0x08001a34   0x0000023c   Code   RO         1688    i.HAL_ADC_Init      stm32g4xx_hal_adc.o
    0x08001c70   0x08001c70   0x0000007c   Code   RO         1525    i.HAL_ADC_MspInit   stm32g4xx_hal_msp.o
    0x08001cec   0x08001cec   0x00000034   Code   RO         3440    i.HAL_CORDIC_Init   stm32g4xx_hal_cordic.o
    0x08001d20   0x08001d20   0x0000002c   Code   RO         1527    i.HAL_CORDIC_MspInit  stm32g4xx_hal_msp.o
    0x08001d4c   0x08001d4c   0x00000128   Code   RO         2810    i.HAL_DMA_Init      stm32g4xx_hal_dma.o
    0x08001e74   0x08001e74   0x00000224   Code   RO         1609    i.HAL_GPIO_Init     stm32g4xx_hal_gpio.o
    0x08002098   0x08002098   0x0000000a   Code   RO         1613    i.HAL_GPIO_WritePin  stm32g4xx_hal_gpio.o
    0x080020a2   0x080020a2   0x00000002   PAD
    0x080020a4   0x080020a4   0x0000000c   Code   RO         2070    i.HAL_GetTick       stm32g4xx_hal.o
    0x080020b0   0x080020b0   0x00000010   Code   RO         2073    i.HAL_IncTick       stm32g4xx_hal.o
    0x080020c0   0x080020c0   0x0000001e   Code   RO         2074    i.HAL_Init          stm32g4xx_hal.o
    0x080020de   0x080020de   0x00000002   PAD
    0x080020e0   0x080020e0   0x00000044   Code   RO         2075    i.HAL_InitTick      stm32g4xx_hal.o
    0x08002124   0x08002124   0x00000040   Code   RO         1528    i.HAL_MspInit       stm32g4xx_hal_msp.o
    0x08002164   0x08002164   0x0000001e   Code   RO         3301    i.HAL_NVIC_EnableIRQ  stm32g4xx_hal_cortex.o
    0x08002182   0x08002182   0x00000002   PAD
    0x08002184   0x08002184   0x00000064   Code   RO         3307    i.HAL_NVIC_SetPriority  stm32g4xx_hal_cortex.o
    0x080021e8   0x080021e8   0x00000024   Code   RO         3308    i.HAL_NVIC_SetPriorityGrouping  stm32g4xx_hal_cortex.o
    0x0800220c   0x0800220c   0x000000c0   Code   RO         3057    i.HAL_PWREx_ControlVoltageScaling  stm32g4xx_hal_pwr_ex.o
    0x080022cc   0x080022cc   0x000002c4   Code   RO         2418    i.HAL_RCCEx_PeriphCLKConfig  stm32g4xx_hal_rcc_ex.o
    0x08002590   0x08002590   0x00000208   Code   RO         2294    i.HAL_RCC_ClockConfig  stm32g4xx_hal_rcc.o
    0x08002798   0x08002798   0x00000010   Code   RO         2297    i.HAL_RCC_EnableCSS  stm32g4xx_hal_rcc.o
    0x080027a8   0x080027a8   0x0000000c   Code   RO         2300    i.HAL_RCC_GetHCLKFreq  stm32g4xx_hal_rcc.o
    0x080027b4   0x080027b4   0x00000024   Code   RO         2302    i.HAL_RCC_GetPCLK1Freq  stm32g4xx_hal_rcc.o
    0x080027d8   0x080027d8   0x00000024   Code   RO         2303    i.HAL_RCC_GetPCLK2Freq  stm32g4xx_hal_rcc.o
    0x080027fc   0x080027fc   0x00000070   Code   RO         2304    i.HAL_RCC_GetSysClockFreq  stm32g4xx_hal_rcc.o
    0x0800286c   0x0800286c   0x000004ca   Code   RO         2307    i.HAL_RCC_OscConfig  stm32g4xx_hal_rcc.o
    0x08002d36   0x08002d36   0x00000002   Code   RO         3311    i.HAL_SYSTICK_Callback  stm32g4xx_hal_cortex.o
    0x08002d38   0x08002d38   0x0000002c   Code   RO         3312    i.HAL_SYSTICK_Config  stm32g4xx_hal_cortex.o
    0x08002d64   0x08002d64   0x00000008   Code   RO         3313    i.HAL_SYSTICK_IRQHandler  stm32g4xx_hal_cortex.o
    0x08002d6c   0x08002d6c   0x000000bc   Code   RO         4200    i.HAL_TIMEx_ConfigBreakDeadTime  stm32g4xx_hal_tim_ex.o
    0x08002e28   0x08002e28   0x000000dc   Code   RO         4201    i.HAL_TIMEx_ConfigBreakInput  stm32g4xx_hal_tim_ex.o
    0x08002f04   0x08002f04   0x00000068   Code   RO         4236    i.HAL_TIMEx_MasterConfigSynchronization  stm32g4xx_hal_tim_ex.o
    0x08002f6c   0x08002f6c   0x00000036   Code   RO         3545    i.HAL_TIM_Base_Init  stm32g4xx_hal_tim.o
    0x08002fa2   0x08002fa2   0x00000002   PAD
    0x08002fa4   0x08002fa4   0x000000a4   Code   RO         1530    i.HAL_TIM_Base_MspInit  stm32g4xx_hal_msp.o
    0x08003048   0x08003048   0x00000098   Code   RO         1531    i.HAL_TIM_MspPostInit  stm32g4xx_hal_msp.o
    0x080030e0   0x080030e0   0x00000370   Code   RO         3614    i.HAL_TIM_PWM_ConfigChannel  stm32g4xx_hal_tim.o
    0x08003450   0x08003450   0x00000036   Code   RO         3617    i.HAL_TIM_PWM_Init  stm32g4xx_hal_tim.o
    0x08003486   0x08003486   0x00000002   Code   RO         3619    i.HAL_TIM_PWM_MspInit  stm32g4xx_hal_tim.o
    0x08003488   0x08003488   0x00000056   Code   RO         3631    i.HAL_TIM_SlaveConfigSynchro  stm32g4xx_hal_tim.o
    0x080034de   0x080034de   0x0000003e   Code   RO         4973    i.HAL_UARTEx_DisableFifoMode  stm32g4xx_hal_uart_ex.o
    0x0800351c   0x0800351c   0x000000b8   Code   RO         4975    i.HAL_UARTEx_EnableFifoMode  stm32g4xx_hal_uart_ex.o
    0x080035d4   0x080035d4   0x000000ac   Code   RO         4978    i.HAL_UARTEx_SetRxFifoThreshold  stm32g4xx_hal_uart_ex.o
    0x08003680   0x08003680   0x000000ac   Code   RO         4979    i.HAL_UARTEx_SetTxFifoThreshold  stm32g4xx_hal_uart_ex.o
    0x0800372c   0x0800372c   0x0000006e   Code   RO         4632    i.HAL_UART_Init     stm32g4xx_hal_uart.o
    0x0800379a   0x0800379a   0x00000002   PAD
    0x0800379c   0x0800379c   0x00000060   Code   RO         1533    i.HAL_UART_MspInit  stm32g4xx_hal_msp.o
    0x080037fc   0x080037fc   0x00000068   Code   RO         1230    i.HardFault_Handler  stm32g4xx_mc_it.o
    0x08003864   0x08003864   0x00000074   Code   RO         6194    i.LL_TIM_OC_EnablePreload  r1_g4xx_pwm_curr_fdbk.o
    0x080038d8   0x080038d8   0x00000010   Code   RO          999    i.MCI_Clear_Iqdref  mc_interface.o
    0x080038e8   0x080038e8   0x00000008   Code   RO         1000    i.MCI_EncoderAlign  mc_interface.o
    0x080038f0   0x080038f0   0x00000078   Code   RO         1001    i.MCI_ExecBufferedCommands  mc_interface.o
    0x08003968   0x08003968   0x0000000e   Code   RO         1002    i.MCI_ExecSpeedRamp  mc_interface.o
    0x08003976   0x08003976   0x00000012   Code   RO         1003    i.MCI_ExecTorqueRamp  mc_interface.o
    0x08003988   0x08003988   0x00000006   Code   RO         1004    i.MCI_FaultAcknowledged  mc_interface.o
    0x0800398e   0x0800398e   0x00000010   Code   RO         1005    i.MCI_GetAvrgMecSpeedUnit  mc_interface.o
    0x0800399e   0x0800399e   0x00000004   Code   RO         1006    i.MCI_GetControlMode  mc_interface.o
    0x080039a2   0x080039a2   0x00000006   Code   RO         1009    i.MCI_GetIab        mc_interface.o
    0x080039a8   0x080039a8   0x00000006   Code   RO         1010    i.MCI_GetIalphabeta  mc_interface.o
    0x080039ae   0x080039ae   0x00000036   Code   RO         1011    i.MCI_GetImposedMotorDirection  mc_interface.o
    0x080039e4   0x080039e4   0x00000006   Code   RO         1012    i.MCI_GetIqd        mc_interface.o
    0x080039ea   0x080039ea   0x00000006   Code   RO         1014    i.MCI_GetIqdref     mc_interface.o
    0x080039f0   0x080039f0   0x00000010   Code   RO         1015    i.MCI_GetLastRampFinalSpeed  mc_interface.o
    0x08003a00   0x08003a00   0x00000006   Code   RO         1016    i.MCI_GetMecSpeedRefUnit  mc_interface.o
    0x08003a06   0x08003a06   0x00000006   Code   RO         1020    i.MCI_GetSTMState   mc_interface.o
    0x08003a0c   0x08003a0c   0x00000008   Code   RO         1022    i.MCI_GetTeref      mc_interface.o
    0x08003a14   0x08003a14   0x00000008   Code   RO         1023    i.MCI_GetValphabeta  mc_interface.o
    0x08003a1c   0x08003a1c   0x00000008   Code   RO         1024    i.MCI_GetVqd        mc_interface.o
    0x08003a24   0x08003a24   0x00000014   Code   RO         1025    i.MCI_Init          mc_interface.o
    0x08003a38   0x08003a38   0x00000014   Code   RO         1028    i.MCI_SetCurrentReferences  mc_interface.o
    0x08003a4c   0x08003a4c   0x0000000a   Code   RO         1029    i.MCI_SetIdref      mc_interface.o
    0x08003a56   0x08003a56   0x00000016   Code   RO         1030    i.MCI_StartMotor    mc_interface.o
    0x08003a6c   0x08003a6c   0x00000008   Code   RO         1031    i.MCI_StopMotor     mc_interface.o
    0x08003a74   0x08003a74   0x00000006   Code   RO         1032    i.MCI_StopRamp      mc_interface.o
    0x08003a7a   0x08003a7a   0x00000002   PAD
    0x08003a7c   0x08003a7c   0x0000004c   Code   RO          936    i.MCM_Clarke        mc_math.o
    0x08003ac8   0x08003ac8   0x00000084   Code   RO          937    i.MCM_Park          mc_math.o
    0x08003b4c   0x08003b4c   0x00000036   Code   RO          938    i.MCM_Rev_Park      mc_math.o
    0x08003b82   0x08003b82   0x00000002   PAD
    0x08003b84   0x08003b84   0x00000018   Code   RO          940    i.MCM_Trig_Functions  mc_math.o
    0x08003b9c   0x08003b9c   0x00000040   Code   RO          591    i.MCP_Init          motor_control_protocol.o
    0x08003bdc   0x08003bdc   0x00000008   Code   RO          592    i.MCP_OnTimeOut     motor_control_protocol.o
    0x08003be4   0x08003be4   0x00000668   Code   RO          593    i.MCP_ReceivedFrame  motor_control_protocol.o
    0x0800424c   0x0800424c   0x00000008   Code   RO          598    i.MCP_SentFrame     motor_control_protocol.o
    0x08004254   0x08004254   0x0000001a   Code   RO          599    i.MCP_WaitNextFrame  motor_control_protocol.o
    0x0800426e   0x0800426e   0x00000002   PAD
    0x08004270   0x08004270   0x0000000c   Code   RO          400    i.MC_GetSTMStateMotor1  mc_api.o
    0x0800427c   0x0800427c   0x00000020   Code   RO          717    i.MC_RunMotorControlTasks  mc_tasks.o
    0x0800429c   0x0800429c   0x00000040   Code   RO          718    i.MC_Scheduler      mc_tasks.o
    0x080042dc   0x080042dc   0x0000000c   Code   RO          410    i.MC_StartMotor1    mc_api.o
    0x080042e8   0x080042e8   0x0000000c   Code   RO          411    i.MC_StopMotor1     mc_api.o
    0x080042f4   0x080042f4   0x000001b8   Code   RO          719    i.MCboot            mc_tasks.o
    0x080044ac   0x080044ac   0x00000046   Code   RO         5198    i.MPM_CalcElMotorPower  motor_power_measurement.o
    0x080044f2   0x080044f2   0x0000001a   Code   RO         5199    i.MPM_Clear         motor_power_measurement.o
    0x0800450c   0x0800450c   0x00000006   Code   RO         5200    i.MPM_GetAvrgElMotorPowerW  motor_power_measurement.o
    0x08004512   0x08004512   0x00000002   PAD
    0x08004514   0x08004514   0x00000038   Code   RO          346    i.MX_MotorControl_Init  motorcontrol.o
    0x0800454c   0x0800454c   0x0000003a   Code   RO         5240    i.NTC_CalcAvTemp    ntc_temperature_sensor.o
    0x08004586   0x08004586   0x00000006   Code   RO         5242    i.NTC_Clear         ntc_temperature_sensor.o
    0x0800458c   0x0800458c   0x00000028   Code   RO         5243    i.NTC_GetAvTemp_C   ntc_temperature_sensor.o
    0x080045b4   0x080045b4   0x00000024   Code   RO         5245    i.NTC_Init          ntc_temperature_sensor.o
    0x080045d8   0x080045d8   0x00000018   Code   RO         5246    i.NTC_SetFaultState  ntc_temperature_sensor.o
    0x080045f0   0x080045f0   0x00000006   Code   RO         5351    i.PID_GetKD         pid_regulator.o
    0x080045f6   0x080045f6   0x00000006   Code   RO         5353    i.PID_GetKI         pid_regulator.o
    0x080045fc   0x080045fc   0x00000004   Code   RO         5354    i.PID_GetKIDivisor  pid_regulator.o
    0x08004600   0x08004600   0x00000006   Code   RO         5355    i.PID_GetKP         pid_regulator.o
    0x08004606   0x08004606   0x00000004   Code   RO         5356    i.PID_GetKPDivisor  pid_regulator.o
    0x0800460a   0x0800460a   0x00000014   Code   RO         5357    i.PID_HandleInit    pid_regulator.o
    0x0800461e   0x0800461e   0x00000004   Code   RO         5358    i.PID_SetIntegralTerm  pid_regulator.o
    0x08004622   0x08004622   0x00000004   Code   RO         5359    i.PID_SetKD         pid_regulator.o
    0x08004626   0x08004626   0x00000004   Code   RO         5361    i.PID_SetKI         pid_regulator.o
    0x0800462a   0x0800462a   0x00000004   Code   RO         5363    i.PID_SetKP         pid_regulator.o
    0x0800462e   0x0800462e   0x00000002   PAD
    0x08004630   0x08004630   0x00000080   Code   RO         5370    i.PI_Controller     pid_regulator.o
    0x080046b0   0x080046b0   0x00000060   Code   RO         5504    i.PQD_CalcElMotorPower  pqd_motor_power_measurement.o
    0x08004710   0x08004710   0x00000004   Code   RO         5528    i.PWMC_CheckOverCurrent  pwm_curr_fdbk.o
    0x08004714   0x08004714   0x00000042   Code   RO         5529    i.PWMC_CurrentReadingCalibr  pwm_curr_fdbk.o
    0x08004756   0x08004756   0x00000004   Code   RO         5530    i.PWMC_GetPhaseCurrents  pwm_curr_fdbk.o
    0x0800475a   0x0800475a   0x000001da   Code   RO         5548    i.PWMC_SetPhaseVoltage  pwm_curr_fdbk.o
    0x08004934   0x08004934   0x00000004   Code   RO         5549    i.PWMC_SwitchOffPWM  pwm_curr_fdbk.o
    0x08004938   0x08004938   0x00000004   Code   RO         5550    i.PWMC_SwitchOnPWM  pwm_curr_fdbk.o
    0x0800493c   0x0800493c   0x00000004   Code   RO         5551    i.PWMC_TurnOnLowSides  pwm_curr_fdbk.o
    0x08004940   0x08004940   0x0000004e   Code   RO         6195    i.R1_1ShuntMotorVarsInit  r1_g4xx_pwm_curr_fdbk.o
    0x0800498e   0x0800498e   0x00000036   Code   RO         6196    i.R1_BRK2_IRQHandler  r1_g4xx_pwm_curr_fdbk.o
    0x080049c4   0x080049c4   0x0000001c   Code   RO         6197    i.R1_BRK_IRQHandler  r1_g4xx_pwm_curr_fdbk.o
    0x080049e0   0x080049e0   0x0000033c   Code   RO         6198    i.R1_CalcDutyCycles  r1_g4xx_pwm_curr_fdbk.o
    0x08004d1c   0x08004d1c   0x00000078   Code   RO         6199    i.R1_CurrentReadingPolarization  r1_g4xx_pwm_curr_fdbk.o
    0x08004d94   0x08004d94   0x00000160   Code   RO         6200    i.R1_GetPhaseCurrents  r1_g4xx_pwm_curr_fdbk.o
    0x08004ef4   0x08004ef4   0x00000032   Code   RO         6201    i.R1_HFCurrentsPolarization  r1_g4xx_pwm_curr_fdbk.o
    0x08004f26   0x08004f26   0x00000002   PAD
    0x08004f28   0x08004f28   0x00000410   Code   RO         6202    i.R1_Init           r1_g4xx_pwm_curr_fdbk.o
    0x08005338   0x08005338   0x00000026   Code   RO         6203    i.R1_IsOverCurrentOccurred  r1_g4xx_pwm_curr_fdbk.o
    0x0800535e   0x0800535e   0x00000028   Code   RO         6204    i.R1_SetADCSampPointPolarization  r1_g4xx_pwm_curr_fdbk.o
    0x08005386   0x08005386   0x00000002   PAD
    0x08005388   0x08005388   0x0000006c   Code   RO         6205    i.R1_SetAOReferenceVoltage  r1_g4xx_pwm_curr_fdbk.o
    0x080053f4   0x080053f4   0x00000084   Code   RO         6206    i.R1_SwitchOffPWM   r1_g4xx_pwm_curr_fdbk.o
    0x08005478   0x08005478   0x000000ea   Code   RO         6207    i.R1_SwitchOnPWM    r1_g4xx_pwm_curr_fdbk.o
    0x08005562   0x08005562   0x000000dc   Code   RO         6208    i.R1_TIMxInit       r1_g4xx_pwm_curr_fdbk.o
    0x0800563e   0x0800563e   0x00000002   PAD
    0x08005640   0x08005640   0x000000dc   Code   RO         6209    i.R1_TIMx_UP_IRQHandler  r1_g4xx_pwm_curr_fdbk.o
    0x0800571c   0x0800571c   0x00000052   Code   RO         6210    i.R1_TurnOnLowSides  r1_g4xx_pwm_curr_fdbk.o
    0x0800576e   0x0800576e   0x00000002   PAD
    0x08005770   0x08005770   0x00000094   Code   RO          851    i.RCM_ExecNextConv  regular_conversion_manager.o
    0x08005804   0x08005804   0x00000144   Code   RO          852    i.RCM_ExecRegularConv  regular_conversion_manager.o
    0x08005948   0x08005948   0x00000044   Code   RO          853    i.RCM_ExecUserConv  regular_conversion_manager.o
    0x0800598c   0x0800598c   0x00000038   Code   RO          857    i.RCM_ReadOngoingConv  regular_conversion_manager.o
    0x080059c4   0x080059c4   0x00000130   Code   RO          858    i.RCM_RegisterRegConv  regular_conversion_manager.o
    0x08005af4   0x08005af4   0x0000002c   Code   RO         5774    i.REMNG_Calc        ramp_ext_mngr.o
    0x08005b20   0x08005b20   0x00000082   Code   RO         5775    i.REMNG_ExecRamp    ramp_ext_mngr.o
    0x08005ba2   0x08005ba2   0x00000010   Code   RO         5777    i.REMNG_Init        ramp_ext_mngr.o
    0x08005bb2   0x08005bb2   0x0000000e   Code   RO         5778    i.REMNG_RampCompleted  ramp_ext_mngr.o
    0x08005bc0   0x08005bc0   0x00000064   Code   RO         5726    i.RVBS_CalcAvVbus   r_divider_bus_voltage_sensor.o
    0x08005c24   0x08005c24   0x00000018   Code   RO         5728    i.RVBS_CheckFaultState  r_divider_bus_voltage_sensor.o
    0x08005c3c   0x08005c3c   0x0000002c   Code   RO         5729    i.RVBS_Clear        r_divider_bus_voltage_sensor.o
    0x08005c68   0x08005c68   0x00000016   Code   RO         5730    i.RVBS_Init         r_divider_bus_voltage_sensor.o
    0x08005c7e   0x08005c7e   0x00000006   Code   RO         5835    i.SPD_GetAvrgMecSpeedUnit  speed_pos_fdbk.o
    0x08005c84   0x08005c84   0x00000006   Code   RO         5836    i.SPD_GetElAngle    speed_pos_fdbk.o
    0x08005c8a   0x08005c8a   0x00000006   Code   RO         5839    i.SPD_GetInstElSpeedDpp  speed_pos_fdbk.o
    0x08005c90   0x08005c90   0x00000014   Code   RO         5841    i.SPD_GetS16Speed   speed_pos_fdbk.o
    0x08005ca4   0x08005ca4   0x00000060   Code   RO         5842    i.SPD_IsMecSpeedReliable  speed_pos_fdbk.o
    0x08005d04   0x08005d04   0x0000005c   Code   RO         5912    i.STC_CalcTorqueReference  speed_torq_ctrl.o
    0x08005d60   0x08005d60   0x00000010   Code   RO         5913    i.STC_Clear         speed_torq_ctrl.o
    0x08005d70   0x08005d70   0x00000092   Code   RO         5914    i.STC_ExecRamp      speed_torq_ctrl.o
    0x08005e02   0x08005e02   0x00000010   Code   RO         5915    i.STC_ForceSpeedReferenceToCurrentSpeed  speed_torq_ctrl.o
    0x08005e12   0x08005e12   0x00000010   Code   RO         5917    i.STC_GetDefaultIqdref  speed_torq_ctrl.o
    0x08005e22   0x08005e22   0x00000004   Code   RO         5918    i.STC_GetMaxAppPositiveMecSpeedUnit  speed_torq_ctrl.o
    0x08005e26   0x08005e26   0x0000000c   Code   RO         5919    i.STC_GetMecSpeedRefUnit  speed_torq_ctrl.o
    0x08005e32   0x08005e32   0x00000006   Code   RO         5920    i.STC_GetMecSpeedRefUnitDefault  speed_torq_ctrl.o
    0x08005e38   0x08005e38   0x00000006   Code   RO         5921    i.STC_GetMinAppNegativeMecSpeedUnit  speed_torq_ctrl.o
    0x08005e3e   0x08005e3e   0x00000004   Code   RO         5922    i.STC_GetSpeedSensor  speed_torq_ctrl.o
    0x08005e42   0x08005e42   0x0000000c   Code   RO         5923    i.STC_GetTorqueRef  speed_torq_ctrl.o
    0x08005e4e   0x08005e4e   0x00000020   Code   RO         5924    i.STC_Init          speed_torq_ctrl.o
    0x08005e6e   0x08005e6e   0x00000008   Code   RO         5926    i.STC_SetControlMode  speed_torq_ctrl.o
    0x08005e76   0x08005e76   0x00000004   Code   RO         5928    i.STC_SetSpeedSensor  speed_torq_ctrl.o
    0x08005e7a   0x08005e7a   0x00000008   Code   RO         5929    i.STC_StopRamp      speed_torq_ctrl.o
    0x08005e82   0x08005e82   0x00000016   Code   RO         6044    i.STM_FaultAcknowledged  state_machine.o
    0x08005e98   0x08005e98   0x00000036   Code   RO         6045    i.STM_FaultProcessing  state_machine.o
    0x08005ece   0x08005ece   0x0000000a   Code   RO         6046    i.STM_GetFaultState  state_machine.o
    0x08005ed8   0x08005ed8   0x00000004   Code   RO         6047    i.STM_GetState      state_machine.o
    0x08005edc   0x08005edc   0x0000000a   Code   RO         6048    i.STM_Init          state_machine.o
    0x08005ee6   0x08005ee6   0x000000fe   Code   RO         6049    i.STM_NextState     state_machine.o
    0x08005fe4   0x08005fe4   0x00000028   Code   RO         1231    i.SysTick_Handler   stm32g4xx_mc_it.o
    0x0800600c   0x0800600c   0x0000001c   Code   RO         5062    i.SystemInit        system_stm32g4xx.o
    0x08006028   0x08006028   0x00000044   Code   RO         1232    i.TIM1_BRK_TIM15_IRQHandler  stm32g4xx_mc_it.o
    0x0800606c   0x0800606c   0x00000018   Code   RO         1233    i.TIM1_UP_TIM16_IRQHandler  stm32g4xx_mc_it.o
    0x08006084   0x08006084   0x000000b4   Code   RO         3635    i.TIM_Base_SetConfig  stm32g4xx_hal_tim.o
    0x08006138   0x08006138   0x00000090   Code   RO         3647    i.TIM_OC2_SetConfig  stm32g4xx_hal_tim.o
    0x080061c8   0x080061c8   0x000000f8   Code   RO         3648    i.TIM_SlaveTimer_SetConfig  stm32g4xx_hal_tim.o
    0x080062c0   0x080062c0   0x00000014   Code   RO          720    i.TSK_ChargeBootCapDelayHasElapsedM1  mc_tasks.o
    0x080062d4   0x080062d4   0x00000020   Code   RO          721    i.TSK_HardwareFaultTask  mc_tasks.o
    0x080062f4   0x080062f4   0x00000160   Code   RO          722    i.TSK_HighFrequencyTask  mc_tasks.o
    0x08006454   0x08006454   0x0000029c   Code   RO          723    i.TSK_MediumFrequencyTaskM1  mc_tasks.o
    0x080066f0   0x080066f0   0x00000020   Code   RO          724    i.TSK_SafetyTask    mc_tasks.o
    0x08006710   0x08006710   0x00000098   Code   RO          725    i.TSK_SafetyTask_PWMOFF  mc_tasks.o
    0x080067a8   0x080067a8   0x0000000c   Code   RO          726    i.TSK_SetChargeBootCapDelayM1  mc_tasks.o
    0x080067b4   0x080067b4   0x0000000c   Code   RO          727    i.TSK_SetStopPermanencyTimeM1  mc_tasks.o
    0x080067c0   0x080067c0   0x00000014   Code   RO          728    i.TSK_StopPermanencyTimeHasElapsedM1  mc_tasks.o
    0x080067d4   0x080067d4   0x000000da   Code   RO         4645    i.UART_AdvFeatureConfig  stm32g4xx_hal_uart.o
    0x080068ae   0x080068ae   0x00000062   Code   RO         4646    i.UART_CheckIdleState  stm32g4xx_hal_uart.o
    0x08006910   0x08006910   0x000008b2   Code   RO         4661    i.UART_SetConfig    stm32g4xx_hal_uart.o
    0x080071c2   0x080071c2   0x00000076   Code   RO         4666    i.UART_WaitOnFlagUntilTimeout  stm32g4xx_hal_uart.o
    0x08007238   0x08007238   0x00000008   Code   RO         6416    i.UFCP_AbortReceive  usart_frame_communication_protocol.o
    0x08007240   0x08007240   0x00000004   Code   RO         6417    i.UFCP_Init         usart_frame_communication_protocol.o
    0x08007244   0x08007244   0x00000014   Code   RO         6418    i.UFCP_OVR_IRQ_Handler  usart_frame_communication_protocol.o
    0x08007258   0x08007258   0x000000c0   Code   RO         6419    i.UFCP_RX_IRQ_Handler  usart_frame_communication_protocol.o
    0x08007318   0x08007318   0x00000028   Code   RO         6420    i.UFCP_Receive      usart_frame_communication_protocol.o
    0x08007340   0x08007340   0x00000056   Code   RO         6421    i.UFCP_Send         usart_frame_communication_protocol.o
    0x08007396   0x08007396   0x00000064   Code   RO         6423    i.UFCP_TX_IRQ_Handler  usart_frame_communication_protocol.o
    0x080073fa   0x080073fa   0x0000006c   Code   RO         1406    i.UI_ExecCmd        user_interface.o
    0x08007466   0x08007466   0x00000002   PAD
    0x08007468   0x08007468   0x00000030   Code   RO         1407    i.UI_ExecSpeedRamp  user_interface.o
    0x08007498   0x08007498   0x00000012   Code   RO         1408    i.UI_ExecTorqueRamp  user_interface.o
    0x080074aa   0x080074aa   0x00000004   Code   RO         1409    i.UI_GetMPInfo      user_interface.o
    0x080074ae   0x080074ae   0x00000002   PAD
    0x080074b0   0x080074b0   0x00000550   Code   RO         1410    i.UI_GetReg         user_interface.o
    0x08007a00   0x08007a00   0x00000048   Code   RO         1411    i.UI_GetRevupData   user_interface.o
    0x08007a48   0x08007a48   0x00000004   Code   RO         1412    i.UI_GetSelectedMC  user_interface.o
    0x08007a4c   0x08007a4c   0x00000018   Code   RO         1325    i.UI_HandleStartStopButton_cb  ui_task.o
    0x08007a64   0x08007a64   0x00000014   Code   RO         1414    i.UI_Init           user_interface.o
    0x08007a78   0x08007a78   0x0000002c   Code   RO         1327    i.UI_Scheduler      ui_task.o
    0x08007aa4   0x08007aa4   0x00000010   Code   RO         1415    i.UI_SelectMC       user_interface.o
    0x08007ab4   0x08007ab4   0x0000000c   Code   RO         1330    i.UI_SerialCommunicationTimeOutStart  ui_task.o
    0x08007ac0   0x08007ac0   0x0000000c   Code   RO         1331    i.UI_SerialCommunicationTimeOutStop  ui_task.o
    0x08007acc   0x08007acc   0x00000018   Code   RO         1416    i.UI_SetCurrentReferences  user_interface.o
    0x08007ae4   0x08007ae4   0x00000244   Code   RO         1417    i.UI_SetReg         user_interface.o
    0x08007d28   0x08007d28   0x00000036   Code   RO         1418    i.UI_SetRevupData   user_interface.o
    0x08007d5e   0x08007d5e   0x00000002   PAD
    0x08007d60   0x08007d60   0x00000070   Code   RO         1333    i.UI_TaskInit       ui_task.o
    0x08007dd0   0x08007dd0   0x00000068   Code   RO         1234    i.USART2_IRQHandler  stm32g4xx_mc_it.o
    0x08007e38   0x08007e38   0x0000000a   Code   RO         5100    i.VBS_GetAvBusVoltage_V  bus_voltage_sensor.o
    0x08007e42   0x08007e42   0x00000004   Code   RO         5101    i.VBS_GetAvBusVoltage_d  bus_voltage_sensor.o
    0x08007e46   0x08007e46   0x0000009c   Code   RO         6098    i.VSS_CalcAvrgMecSpeedUnit  virtual_speed_sensor.o
    0x08007ee2   0x08007ee2   0x0000009e   Code   RO         6099    i.VSS_CalcElAngle   virtual_speed_sensor.o
    0x08007f80   0x08007f80   0x0000002c   Code   RO         6100    i.VSS_Clear         virtual_speed_sensor.o
    0x08007fac   0x08007fac   0x00000008   Code   RO         6102    i.VSS_Init          virtual_speed_sensor.o
    0x08007fb4   0x08007fb4   0x00000008   Code   RO         6105    i.VSS_SetCopyObserver  virtual_speed_sensor.o
    0x08007fbc   0x08007fbc   0x0000007c   Code   RO         6107    i.VSS_SetMecAcceleration  virtual_speed_sensor.o
    0x08008038   0x08008038   0x0000000e   Code   RO         6108    i.VSS_SetMecAngle   virtual_speed_sensor.o
    0x08008046   0x08008046   0x0000001c   Code   RO         6109    i.VSS_SetStartTransition  virtual_speed_sensor.o
    0x08008062   0x08008062   0x00000006   Code   RO         6110    i.VSS_TransitionEnded  virtual_speed_sensor.o
    0x08008068   0x08008068   0x0000000e   Code   RO         6539    i.__scatterload_copy  mc_w.l(handlers.o)
    0x08008076   0x08008076   0x00000002   Code   RO         6540    i.__scatterload_null  mc_w.l(handlers.o)
    0x08008078   0x08008078   0x0000000e   Code   RO         6541    i.__scatterload_zeroinit  mc_w.l(handlers.o)
    0x08008086   0x08008086   0x00000002   PAD
    0x08008088   0x08008088   0x00000028   Code   RO         5780    i.getScalingFactor  ramp_ext_mngr.o
    0x080080b0   0x080080b0   0x0000041c   Code   RO           15    i.main              main.o
    0x080084cc   0x080084cc   0x000000b8   Code   RO          729    i.mc_lock_pins      mc_tasks.o
    0x08008584   0x08008584   0x0000006c   Code   RO         5690    i.startTimers       pwm_common.o
    0x080085f0   0x080085f0   0x00000062   Code   RO         5691    i.waitForPolarizationEnd  pwm_common.o
    0x08008652   0x08008652   0x00000020   Data   RO          347    .constdata          motorcontrol.o
    0x08008672   0x08008672   0x00000002   PAD
    0x08008674   0x08008674   0x00000002   Data   RO          731    .constdata          mc_tasks.o
    0x08008676   0x08008676   0x00000002   PAD
    0x08008678   0x08008678   0x00000050   Data   RO         1303    .constdata          mc_parameters.o
    0x080086c8   0x080086c8   0x00000010   Data   RO         5063    .constdata          system_stm32g4xx.o
    0x080086d8   0x080086d8   0x00000008   Data   RO         5064    .constdata          system_stm32g4xx.o
    0x080086e0   0x080086e0   0x00000038   Data   RO         6211    .constdata          r1_g4xx_pwm_curr_fdbk.o
    0x08008718   0x08008718   0x00000006   Data   RO         6424    .constdata          usart_frame_communication_protocol.o
    0x0800871e   0x0800871e   0x00000002   PAD
    0x08008720   0x08008720   0x00000020   Data   RO         6537    Region$$Table       anon$$obj.o


    Execution Region RW_IRAM1 (Exec base: 0x20000000, Load base: 0x08008740, Size: 0x00000e80, Max: 0x00008000, ABSOLUTE, COMPRESSED[0x000001e0])

    Exec Addr    Load Addr    Size         Type   Attr      Idx    E Section Name        Object

    0x20000000   COMPRESSED   0x0000000c   Data   RW          348    .data               motorcontrol.o
    0x2000000c   COMPRESSED   0x00000008   Data   RW          600    .data               motor_control_protocol.o
    0x20000014   COMPRESSED   0x00000114   Data   RW          668    .data               mc_config.o
    0x20000128   COMPRESSED   0x0000002c   Data   RW          670    .data               mc_config.o
    0x20000154   COMPRESSED   0x0000002c   Data   RW          671    .data               mc_config.o
    0x20000180   COMPRESSED   0x0000002c   Data   RW          672    .data               mc_config.o
    0x200001ac   COMPRESSED   0x00000034   Data   RW          673    .data               mc_config.o
    0x200001e0   COMPRESSED   0x00000078   Data   RW          674    .data               mc_config.o
    0x20000258   COMPRESSED   0x00000088   Data   RW          675    .data               mc_config.o
    0x200002e0   COMPRESSED   0x00000038   Data   RW          676    .data               mc_config.o
    0x20000318   COMPRESSED   0x00000128   Data   RW          677    .data               mc_config.o
    0x20000440   COMPRESSED   0x00000014   Data   RW          679    .data               mc_config.o
    0x20000454   COMPRESSED   0x00000028   Data   RW          680    .data               mc_config.o
    0x2000047c   COMPRESSED   0x00000028   Data   RW          681    .data               mc_config.o
    0x200004a4   COMPRESSED   0x00000018   Data   RW          682    .data               mc_config.o
    0x200004bc   COMPRESSED   0x000000b4   Data   RW          683    .data               mc_config.o
    0x20000570   COMPRESSED   0x0000013c   Data   RW          684    .data               mc_config.o
    0x200006ac   COMPRESSED   0x0000003a   Data   RW          732    .data               mc_tasks.o
    0x200006e6   COMPRESSED   0x00000006   Data   RW          862    .data               regular_conversion_manager.o
    0x200006ec   COMPRESSED   0x00000001   Data   RW         1235    .data               stm32g4xx_mc_it.o
    0x200006ed   COMPRESSED   0x00000003   PAD
    0x200006f0   COMPRESSED   0x0000000c   Data   RW         1335    .data               ui_task.o
    0x200006fc   COMPRESSED   0x0000000c   Data   RW         2094    .data               stm32g4xx_hal.o
    0x20000708   COMPRESSED   0x00000004   Data   RW         5065    .data               system_stm32g4xx.o
    0x2000070c        -       0x00000160   Zero   RW           16    .bss                main.o
    0x2000086c        -       0x00000060   Zero   RW           17    .bss                main.o
    0x200008cc        -       0x00000018   Zero   RW          666    .bss                mc_config.o
    0x200008e4        -       0x0000000c   Zero   RW          667    .bss                mc_config.o
    0x200008f0        -       0x00000098   Zero   RW          730    .bss                mc_tasks.o
    0x20000988        -       0x00000048   Zero   RW          861    .bss                regular_conversion_manager.o
    0x200009d0        -       0x000000b0   Zero   RW         1334    .bss                ui_task.o
    0x20000a80        -       0x00000400   Zero   RW            1    STACK               startup_stm32g431xx.o

